<html>
<body>
<pre>
<h1>礦ision Build Log</h1>
<h2>Tool Versions:</h2>
IDE-Version: μVision V5.24.2.0
Copyright (C) 2017 ARM Ltd and ARM Germany GmbH. All rights reserved.
License Information: a a, a, LIC=HN0AE-5T4UN-FW72N-YHD5N-KYDSU-W0V4K
 
Tool Versions:
Toolchain:       MDK-ARM Plus  Version: 5.24.1
Toolchain Path:  F:\Keil_v5\ARM\ARMCC\Bin
C Compiler:      Armcc.exe V5.06 update 5 (build 528)
Assembler:       Armasm.exe V5.06 update 5 (build 528)
Linker/Locator:  ArmLink.exe V5.06 update 5 (build 528)
Library Manager: ArmAr.exe V5.06 update 5 (build 528)
Hex Converter:   FromElf.exe V5.06 update 5 (build 528)
CPU DLL:         SARMCM3.DLL V5.24.1
Dialog DLL:      DCM.DLL V1.16.0.0
Target DLL:      STLink\ST-LINKIII-KEIL_SWO.dll V3.0.1.0
Dialog DLL:      TCM.DLL V1.32.0.0
 
<h2>Project:</h2>
F:\AT32OBJ\静态链接库\实验\AT32F421G8U7_G8_ALL - 副本_adc\project\MDK_V5\AT32F421G8U7_G8_ALL.uvprojx
Project File Date:  06/13/2026

<h2>Output:</h2>
*** Using Compiler 'V5.06 update 5 (build 528)', folder: 'F:\Keil_v5\ARM\ARMCC\Bin'
Build target 'AT32F421G8U7_G8_ALL'
compiling main.c...
..\src\main.c(182): warning:  #177-D: variable "flag_t"  was declared but never referenced
  	uint8_t flag_t=0;
..\src\main.c(186): warning:  #177-D: variable "led_dc"  was declared but never referenced
  	float led_dc;
..\src\main.c(187): warning:  #177-D: variable "led_t"  was declared but never referenced
  	unsigned led_t=1000;
..\src\main.c: 3 warnings, 0 errors
linking...
Program Size: Code=21026 RO-data=1046 RW-data=208 ZI-data=1712  
FromELF: creating hex file...
".\objects\AT32F421G8U7_G8_ALL.axf" - 0 Error(s), 3 Warning(s).

<h2>Software Packages used:</h2>

Package Vendor: ArteryTek
                
                ArteryTek.AT32F421_DFP.2.1.8
                ArteryTek AT32F421 Series Device Support,Drivers

<h2>Collection of Component include folders:</h2>
  .\RTE\_AT32F421G8U7_G8_ALL
  F:\Keil_v5\ARM\PACK\ArteryTek\AT32F421_DFP\2.1.8\Device\Include

<h2>Collection of Component Files used:</h2>
Build Time Elapsed:  00:00:01
</pre>
</body>
</html>
