Component: ARM Compiler 5.06 update 5 (build 528) Tool: armlink [4d35e2]

==============================================================================

Section Cross References

    at32f421_wk_config.o(i.wk_nvic_config) refers to at32f421_misc.o(i.nvic_priority_group_config) for nvic_priority_group_config
    at32f421_wk_config.o(i.wk_nvic_config) refers to at32f421_wk_config.o(i.__NVIC_GetPriorityGrouping) for __NVIC_GetPriorityGrouping
    at32f421_wk_config.o(i.wk_nvic_config) refers to at32f421_wk_config.o(i.NVIC_EncodePriority) for NVIC_EncodePriority
    at32f421_wk_config.o(i.wk_nvic_config) refers to at32f421_wk_config.o(i.__NVIC_SetPriority) for __NVIC_SetPriority
    at32f421_wk_config.o(i.wk_nvic_config) refers to at32f421_misc.o(i.nvic_irq_enable) for nvic_irq_enable
    at32f421_wk_config.o(i.wk_periph_clock_config) refers to at32f421_crm.o(i.crm_periph_clock_enable) for crm_periph_clock_enable
    at32f421_wk_config.o(i.wk_system_clock_config) refers to at32f421_crm.o(i.crm_reset) for crm_reset
    at32f421_wk_config.o(i.wk_system_clock_config) refers to at32f421_crm.o(i.crm_clock_source_enable) for crm_clock_source_enable
    at32f421_wk_config.o(i.wk_system_clock_config) refers to at32f421_crm.o(i.crm_flag_get) for crm_flag_get
    at32f421_wk_config.o(i.wk_system_clock_config) refers to at32f421_crm.o(i.crm_pll_config) for crm_pll_config
    at32f421_wk_config.o(i.wk_system_clock_config) refers to at32f421_crm.o(i.crm_ahb_div_set) for crm_ahb_div_set
    at32f421_wk_config.o(i.wk_system_clock_config) refers to at32f421_crm.o(i.crm_apb2_div_set) for crm_apb2_div_set
    at32f421_wk_config.o(i.wk_system_clock_config) refers to at32f421_crm.o(i.crm_apb1_div_set) for crm_apb1_div_set
    at32f421_wk_config.o(i.wk_system_clock_config) refers to at32f421_crm.o(i.crm_auto_step_mode_enable) for crm_auto_step_mode_enable
    at32f421_wk_config.o(i.wk_system_clock_config) refers to at32f421_crm.o(i.crm_sysclk_switch) for crm_sysclk_switch
    at32f421_wk_config.o(i.wk_system_clock_config) refers to at32f421_crm.o(i.crm_sysclk_switch_status_get) for crm_sysclk_switch_status_get
    at32f421_wk_config.o(i.wk_system_clock_config) refers to system_at32f421.o(i.system_core_clock_update) for system_core_clock_update
    main.o(i.main) refers to at32f421_int.o(i.__pwm_irq_link_force) for __pwm_irq_link_force
    main.o(i.main) refers to at32f421_wk_config.o(i.wk_system_clock_config) for wk_system_clock_config
    main.o(i.main) refers to at32f421_wk_config.o(i.wk_periph_clock_config) for wk_periph_clock_config
    main.o(i.main) refers to at32f421_wk_config.o(i.wk_nvic_config) for wk_nvic_config
    main.o(i.main) refers to wk_system.o(i.wk_timebase_init) for wk_timebase_init
    main.o(i.main) refers to wk_dma.o(i.wk_dma1_channel5_init) for wk_dma1_channel5_init
    main.o(i.main) refers to wk_usart.o(i.wk_usart1_init) for wk_usart1_init
    main.o(i.main) refers to wk_cmp.o(i.wk_cmp_init) for wk_cmp_init
    main.o(i.main) refers to wk_adc.o(i.wk_adc1_init) for wk_adc1_init
    main.o(i.main) refers to wk_gpio.o(i.wk_gpio_config) for wk_gpio_config
    main.o(i.main) refers to wk_tmr.o(i.wk_tmr1_init) for wk_tmr1_init
    main.o(i.main) refers to wk_tmr.o(i.wk_tmr3_init) for wk_tmr3_init
    main.o(i.main) refers to wk_tmr.o(i.wk_tmr6_init) for wk_tmr6_init
    main.o(i.main) refers to wk_tmr.o(i.wk_tmr14_init) for wk_tmr14_init
    main.o(i.main) refers to wk_tmr.o(i.wk_tmr15_init) for wk_tmr15_init
    main.o(i.main) refers to wk_tmr.o(i.wk_tmr16_init) for wk_tmr16_init
    main.o(i.main) refers to wk_system.o(i.wk_delay_ms) for wk_delay_ms
    main.o(i.main) refers to servo.o(i.Servo_Init) for Servo_Init
    main.o(i.main) refers to music.o(i.Music_PlaySheetmusic) for Music_PlaySheetmusic
    main.o(i.main) refers to led_inf.o(i.LED_SET_S) for LED_SET_S
    main.o(i.main) refers to pwm_in.o(i.GetDC_PWM) for GetDC_PWM
    main.o(i.main) refers to fleqf.o(x$fpl$fleqf) for __aeabi_cfcmple
    main.o(i.main) refers to frleqf.o(x$fpl$frleqf) for __aeabi_cfrcmple
    main.o(i.main) refers to faddsub_clz.o(x$fpl$fsub) for __aeabi_fsub
    main.o(i.main) refers to fmul.o(x$fpl$fmul) for __aeabi_fmul
    main.o(i.main) refers to faddsub_clz.o(x$fpl$fadd) for __aeabi_fadd
    main.o(i.main) refers to music.o(i.Music_PlaySheetmusic_C1_C7) for Music_PlaySheetmusic_C1_C7
    main.o(i.main) refers to main.o(.constdata) for Sheetmusic_Start
    main.o(i.main) refers to servo.o(.data) for PWM_MOS_DC_MAX
    wk_system.o(i.delay_us) refers to wk_system.o(.data) for ticks_count_us
    wk_system.o(i.wk_delay_ms) refers to wk_system.o(i.delay_us) for delay_us
    wk_system.o(i.wk_timebase_init) refers to at32f421_crm.o(i.crm_clocks_freq_get) for crm_clocks_freq_get
    wk_system.o(i.wk_timebase_init) refers to at32f421_misc.o(i.systick_clock_source_config) for systick_clock_source_config
    wk_system.o(i.wk_timebase_init) refers to wk_system.o(.data) for ticks_count_us
[...]
    i.dma_channel_enable                     0x08001f7c   Section        0  at32f421_dma.o(i.dma_channel_enable)
    i.dma_default_para_init                  0x08001f86   Section        0  at32f421_dma.o(i.dma_default_para_init)
    i.dma_flag_clear                         0x08001fa0   Section        0  at32f421_dma.o(i.dma_flag_clear)
    i.dma_flag_get                           0x08001fac   Section        0  at32f421_dma.o(i.dma_flag_get)
    i.dma_init                               0x08001fc8   Section        0  at32f421_dma.o(i.dma_init)
    i.dma_reset                              0x08002024   Section        0  at32f421_dma.o(i.dma_reset)
    i.flash_byte_program                     0x0800205c   Section        0  at32f421_flash.o(i.flash_byte_program)
    i.flash_flag_get                         0x08002094   Section        0  at32f421_flash.o(i.flash_flag_get)
    i.flash_lock                             0x080020cc   Section        0  at32f421_flash.o(i.flash_lock)
    i.flash_operation_status_get             0x080020e0   Section        0  at32f421_flash.o(i.flash_operation_status_get)
    i.flash_operation_wait_for               0x08002114   Section        0  at32f421_flash.o(i.flash_operation_wait_for)
    i.flash_sector_erase                     0x08002138   Section        0  at32f421_flash.o(i.flash_sector_erase)
    i.flash_unlock                           0x08002178   Section        0  at32f421_flash.o(i.flash_unlock)
    i.gpio_bits_reset                        0x08002190   Section        0  at32f421_gpio.o(i.gpio_bits_reset)
    i.gpio_bits_set                          0x08002194   Section        0  at32f421_gpio.o(i.gpio_bits_set)
    i.gpio_default_para_init                 0x08002198   Section        0  at32f421_gpio.o(i.gpio_default_para_init)
    i.gpio_init                              0x080021ac   Section        0  at32f421_gpio.o(i.gpio_init)
    i.gpio_pin_mux_config                    0x08002226   Section        0  at32f421_gpio.o(i.gpio_pin_mux_config)
    i.main                                   0x08002268   Section        0  main.o(i.main)
    i.nvic_irq_enable                        0x08002384   Section        0  at32f421_misc.o(i.nvic_irq_enable)
    i.nvic_priority_group_config             0x0800244c   Section        0  at32f421_misc.o(i.nvic_priority_group_config)
    i.pow                                    0x08002474   Section        0  pow.o(i.pow)
    i.sqrt                                   0x08002e4c   Section        0  sqrt.o(i.sqrt)
    i.system_core_clock_update               0x08002e98   Section        0  system_at32f421.o(i.system_core_clock_update)
    i.systick_clock_source_config            0x08002fec   Section        0  at32f421_misc.o(i.systick_clock_source_config)
    i.tmr_base_init                          0x08003014   Section        0  at32f421_tmr.o(i.tmr_base_init)
    i.tmr_brkdt_config                       0x08003024   Section        0  at32f421_tmr.o(i.tmr_brkdt_config)
    i.tmr_channel_value_set                  0x0800306c   Section        0  at32f421_tmr.o(i.tmr_channel_value_set)
    i.tmr_clock_source_div_set               0x08003094   Section        0  at32f421_tmr.o(i.tmr_clock_source_div_set)
    i.tmr_cnt_dir_set                        0x0800309e   Section        0  at32f421_tmr.o(i.tmr_cnt_dir_set)
    i.tmr_counter_enable                     0x080030a8   Section        0  at32f421_tmr.o(i.tmr_counter_enable)
    i.tmr_counter_value_set                  0x080030b2   Section        0  at32f421_tmr.o(i.tmr_counter_value_set)
    i.tmr_dma_request_enable                 0x080030b6   Section        0  at32f421_tmr.o(i.tmr_dma_request_enable)
    i.tmr_flag_clear                         0x080030cc   Section        0  at32f421_tmr.o(i.tmr_flag_clear)
    i.tmr_flag_get                           0x080030d2   Section        0  at32f421_tmr.o(i.tmr_flag_get)
    i.tmr_input_channel_init                 0x080030e4   Section        0  at32f421_tmr.o(i.tmr_input_channel_init)
    i.tmr_interrupt_enable                   0x08003214   Section        0  at32f421_tmr.o(i.tmr_interrupt_enable)
    i.tmr_output_channel_buffer_enable       0x0800322a   Section        0  at32f421_tmr.o(i.tmr_output_channel_buffer_enable)
    i.tmr_output_channel_config              0x0800326c   Section        0  at32f421_tmr.o(i.tmr_output_channel_config)
    i.tmr_output_channel_immediately_set     0x0800340c   Section        0  at32f421_tmr.o(i.tmr_output_channel_immediately_set)
    i.tmr_output_enable                      0x0800344e   Section        0  at32f421_tmr.o(i.tmr_output_enable)
    i.tmr_overflow_request_source_set        0x08003458   Section        0  at32f421_tmr.o(i.tmr_overflow_request_source_set)
    i.tmr_period_buffer_enable               0x08003462   Section        0  at32f421_tmr.o(i.tmr_period_buffer_enable)
    i.tmr_primary_mode_select                0x0800346c   Section        0  at32f421_tmr.o(i.tmr_primary_mode_select)
    i.tmr_repetition_counter_set             0x08003476   Section        0  at32f421_tmr.o(i.tmr_repetition_counter_set)
    i.tmr_sub_mode_select                    0x08003480   Section        0  at32f421_tmr.o(i.tmr_sub_mode_select)
    i.tmr_sub_sync_mode_set                  0x0800348a   Section        0  at32f421_tmr.o(i.tmr_sub_sync_mode_set)
    i.tmr_trigger_input_select               0x08003494   Section        0  at32f421_tmr.o(i.tmr_trigger_input_select)
    i.usart_enable                           0x0800349e   Section        0  at32f421_usart.o(i.usart_enable)
    i.usart_hardware_flow_control_set        0x080034a8   Section        0  at32f421_usart.o(i.usart_hardware_flow_control_set)
    i.usart_init                             0x08003510   Section        0  at32f421_usart.o(i.usart_init)
    i.usart_parity_selection_config          0x0800357c   Section        0  at32f421_usart.o(i.usart_parity_selection_config)
    i.usart_receiver_enable                  0x080035c8   Section        0  at32f421_usart.o(i.usart_receiver_enable)
    i.usart_transmitter_enable               0x080035d2   Section        0  at32f421_usart.o(i.usart_transmitter_enable)
    i.wk_adc1_init                           0x080035dc   Section        0  wk_adc.o(i.wk_adc1_init)
    i.wk_cmp_init                            0x08003670   Section        0  wk_cmp.o(i.wk_cmp_init)
    i.wk_delay_ms                            0x080036fe   Section        0  wk_system.o(i.wk_delay_ms)
    i.wk_dma1_channel5_init                  0x08003728   Section        0  wk_dma.o(i.wk_dma1_channel5_init)
    i.wk_gpio_config                         0x08003770   Section        0  wk_gpio.o(i.wk_gpio_config)
    i.wk_nvic_config                         0x080037f8   Section        0  at32f421_wk_config.o(i.wk_nvic_config)
    i.wk_periph_clock_config                 0x080038f4   Section        0  at32f421_wk_config.o(i.wk_periph_clock_config)
    i.wk_system_clock_config                 0x08003980   Section        0  at32f421_wk_config.o(i.wk_system_clock_config)
    i.wk_timebase_init                       0x08003a10   Section        0  wk_system.o(i.wk_timebase_init)
    i.wk_tmr14_init                          0x08003a54   Section        0  wk_tmr.o(i.wk_tmr14_init)
    i.wk_tmr15_init                          0x08003a88   Section        0  wk_tmr.o(i.wk_tmr15_init)
    i.wk_tmr16_Delay                         0x08003b70   Section        0  wk_tmr.o(i.wk_tmr16_Delay)
    i.wk_tmr16_init                          0x08003bd8   Section        0  wk_tmr.o(i.wk_tmr16_init)
    i.wk_tmr1_init                           0x08003c28   Section        0  wk_tmr.o(i.wk_tmr1_init)
    i.wk_tmr3_init                           0x08003e3c   Section        0  wk_tmr.o(i.wk_tmr3_init)
    i.wk_tmr6_init                           0x08003e80   Section        0  wk_tmr.o(i.wk_tmr6_init)
    i.wk_usart1_init                         0x08003eb4   Section        0  wk_usart.o(i.wk_usart1_init)
    x$fpl$d2f                                0x08003f58   Section       98  d2f.o(x$fpl$d2f)
    x$fpl$dadd                               0x08003fbc   Section      336  daddsub_clz.o(x$fpl$dadd)
    _dadd1                                   0x08003fcd   Thumb Code     0  daddsub_clz.o(x$fpl$dadd)
    x$fpl$dcheck1                            0x0800410c   Section       16  dcheck1.o(x$fpl$dcheck1)
    x$fpl$dcmpinf                            0x0800411c   Section       24  dcmpi.o(x$fpl$dcmpinf)
    x$fpl$ddiv                               0x08004134   Section      688  ddiv.o(x$fpl$ddiv)
    ddiv_entry                               0x0800413b   Thumb Code     0  ddiv.o(x$fpl$ddiv)
    x$fpl$dfix                               0x080043e4   Section       94  dfix.o(x$fpl$dfix)
    x$fpl$dfixu                              0x08004444   Section       90  dfixu.o(x$fpl$dfixu)
    x$fpl$dflt                               0x0800449e   Section       46  dflt_clz.o(x$fpl$dflt)
    x$fpl$dfltu                              0x080044cc   Section       38  dflt_clz.o(x$fpl$dfltu)
    x$fpl$dleqf                              0x080044f4   Section      120  dleqf.o(x$fpl$dleqf)
    x$fpl$dmul                               0x0800456c   Section      340  dmul.o(x$fpl$dmul)
    x$fpl$dnaninf                            0x080046c0   Section      156  dnaninf.o(x$fpl$dnaninf)
    x$fpl$dretinf                            0x0800475c   Section       12  dretinf.o(x$fpl$dretinf)
    x$fpl$drleqf                             0x08004768   Section      108  drleqf.o(x$fpl$drleqf)
    x$fpl$drsb                               0x080047d4   Section       22  daddsub_clz.o(x$fpl$drsb)
    x$fpl$dsqrt                              0x080047ec   Section      408  dsqrt_umaal.o(x$fpl$dsqrt)
    x$fpl$dsub                               0x08004984   Section      468  daddsub_clz.o(x$fpl$dsub)
    _dsub1                                   0x08004995   Thumb Code     0  daddsub_clz.o(x$fpl$dsub)
    x$fpl$f2d                                0x08004b58   Section       86  f2d.o(x$fpl$f2d)
    x$fpl$fadd                               0x08004bb0   Section      196  faddsub_clz.o(x$fpl$fadd)
    _fadd1                                   0x08004bbf   Thumb Code     0  faddsub_clz.o(x$fpl$fadd)
    x$fpl$fcmpinf                            0x08004c74   Section       24  fcmpi.o(x$fpl$fcmpinf)
    x$fpl$fdiv                               0x08004c8c   Section      388  fdiv.o(x$fpl$fdiv)
    _fdiv1                                   0x08004c8d   Thumb Code     0  fdiv.o(x$fpl$fdiv)
    x$fpl$ffix                               0x08004e10   Section       54  ffix.o(x$fpl$ffix)
    x$fpl$ffixu                              0x08004e48   Section       62  ffixu.o(x$fpl$ffixu)
    x$fpl$ffltu                              0x08004e88   Section       38  fflt_clz.o(x$fpl$ffltu)
    x$fpl$fleqf                              0x08004eb0   Section      104  fleqf.o(x$fpl$fleqf)
    x$fpl$fmul                               0x08004f18   Section      258  fmul.o(x$fpl$fmul)
    x$fpl$fnaninf                            0x0800501a   Section      140  fnaninf.o(x$fpl$fnaninf)
    x$fpl$fretinf                            0x080050a6   Section       10  fretinf.o(x$fpl$fretinf)
    x$fpl$frleqf                             0x080050b0   Section       98  frleqf.o(x$fpl$frleqf)
    x$fpl$fsub                               0x08005114   Section      234  faddsub_clz.o(x$fpl$fsub)
    _fsub1                                   0x08005123   Thumb Code     0  faddsub_clz.o(x$fpl$fsub)
    x$fpl$retnan                             0x080051fe   Section      100  retnan.o(x$fpl$retnan)
    x$fpl$scalbn                             0x08005262   Section       92  scalbn.o(x$fpl$scalbn)
    x$fpl$trapveneer                         0x080052be   Section       48  trapv.o(x$fpl$trapveneer)
    .constdata                               0x080052ee   Section      130  main.o(.constdata)
    x$fpl$usenofp                            0x080052ee   Section        0  usenofp.o(x$fpl$usenofp)
    .constdata                               0x08005370   Section      480  music.o(.constdata)
    .constdata                               0x08005550   Section       40  at32f421_crm.o(.constdata)
    sclk_ahb_div_table                       0x08005550   Data          16  at32f421_crm.o(.constdata)
    ahb_apb1_div_table                       0x08005560   Data           8  at32f421_crm.o(.constdata)
    ahb_apb2_div_table                       0x08005568   Data           8  at32f421_crm.o(.constdata)
    adc_div_table                            0x08005570   Data           8  at32f421_crm.o(.constdata)
    .constdata                               0x08005578   Section       16  system_at32f421.o(.constdata)
    sys_ahb_div_table                        0x08005578   Data          16  system_at32f421.o(.constdata)
    .constdata                               0x08005588   Section      136  pow.o(.constdata)
    bp                                       0x08005588   Data          16  pow.o(.constdata)
    dp_h                                     0x08005598   Data          16  pow.o(.constdata)
    dp_l                                     0x080055a8   Data          16  pow.o(.constdata)
    L                                        0x080055b8   Data          48  pow.o(.constdata)
    P                                        0x080055e8   Data          40  pow.o(.constdata)
    .constdata                               0x08005610   Section        8  qnan.o(.constdata)
    .data                                    0x20000000   Section        4  wk_system.o(.data)
    .data                                    0x20000004   Section        1  wk_tmr.o(.data)
    .data                                    0x20000008   Section       24  music.o(.data)
    .data                                    0x20000020   Section        4  system_at32f421.o(.data)
    .data                                    0x20000024   Section       50  pwm_in.o(.data)
    .data                                    0x20000058   Section      116  servo.o(.data)
    .data                                    0x200000cc   Section        4  led_inf.o(.data)
    .bss                                     0x200000d0   Section       64  pwm_in.o(.bss)
    .bss                                     0x20000110   Section       10  servo.o(.bss)
    .bss                                     0x2000011c   Section       96  libspace.o(.bss)
    HEAP                                     0x20000180   Section      512  startup_at32f421.o(HEAP)
    Heap_Mem                                 0x20000180   Data         512  startup_at32f421.o(HEAP)
    STACK                                    0x20000380   Section     1024  startup_at32f421.o(STACK)
    Stack_Mem                                0x20000380   Data        1024  startup_at32f421.o(STACK)
    __initial_sp                             0x20000780   Data           0  startup_at32f421.o(STACK)

    Global Symbols

    Symbol Name                              Value     Ov Type        Size  Object(Section)

    BuildAttributes$$THM_ISAv4$E$P$D$K$B$S$7EM$PE$A:L22UL41UL21$X:L11$S22US41US21$IEEE1$IW$USESV6$~STKCKD$USESV7$~SHL$OTIME$ROPI$IEEEX$EBA8$UX$STANDARDLIB$REQ8$PRES8$EABIv2 0x00000000   Number         0  anon$$obj.o ABSOLUTE
    __ARM_use_no_argv                        0x00000000   Number         0  main.o ABSOLUTE
    __ARM_exceptions_init                     - Undefined Weak Reference
    __alloca_initialize                       - Undefined Weak Reference
    __arm_preinit_                            - Undefined Weak Reference
    __cpp_initialize__aeabi_                  - Undefined Weak Reference
    __cxa_finalize                            - Undefined Weak Reference
    __rt_locale                               - Undefined Weak Reference
    __sigvec_lookup                           - Undefined Weak Reference
    _atexit_init                              - Undefined Weak Reference
    _call_atexit_fns                          - Undefined Weak Reference
    _clock_init                               - Undefined Weak Reference
    _fp_trap_init                             - Undefined Weak Reference
    _fp_trap_shutdown                         - Undefined Weak Reference
    _get_lc_collate                           - Undefined Weak Reference
    _get_lc_ctype                             - Undefined Weak Reference
    _get_lc_monetary                          - Undefined Weak Reference
    _get_lc_numeric                           - Undefined Weak Reference
    _get_lc_time                              - Undefined Weak Reference
    _getenv_init                              - Undefined Weak Reference
    _handle_redirection                       - Undefined Weak Reference
    _init_alloc                               - Undefined Weak Reference
    _init_user_alloc                          - Undefined Weak Reference
    _initio                                   - Undefined Weak Reference
    _rand_init                                - Undefined Weak Reference
    _signal_finish                            - Undefined Weak Reference
    _signal_init                              - Undefined Weak Reference
    _terminate_alloc                          - Undefined Weak Reference
    _terminate_user_alloc                     - Undefined Weak Reference
    _terminateio                              - Undefined Weak Reference
    __Vectors_Size                           0x000000cc   Number         0  startup_at32f421.o ABSOLUTE
    __Vectors                                0x08000000   Data           4  startup_at32f421.o(RESET)
    __Vectors_End                            0x080000cc   Data           0  startup_at32f421.o(RESET)
    __main                                   0x080000cd   Thumb Code     8  __main.o(!!!main)
    __scatterload                            0x080000d5   Thumb Code     0  __scatter.o(!!!scatter)
    __scatterload_rt2                        0x080000d5   Thumb Code    44  __scatter.o(!!!scatter)
    __scatterload_rt2_thumb_only             0x080000d5   Thumb Code     0  __scatter.o(!!!scatter)
    __scatterload_null                       0x080000e3   Thumb Code     0  __scatter.o(!!!scatter)
    __scatterload_copy                       0x08000109   Thumb Code    26  __scatter_copy.o(!!handler_copy)
    __scatterload_zeroinit                   0x08000125   Thumb Code    28  __scatter_zi.o(!!handler_zi)
    __rt_lib_init                            0x08000141   Thumb Code     0  libinit.o(.ARM.Collect$$libinit$$00000000)
    __rt_lib_init_alloca_1                   0x08000143   Thumb Code     0  libinit2.o(.ARM.Collect$$libinit$$0000002E)
    __rt_lib_init_argv_1                     0x08000143   Thumb Code     0  libinit2.o(.ARM.Collect$$libinit$$0000002C)
    __rt_lib_init_atexit_1                   0x08000143   Thumb Code     0  libinit2.o(.ARM.Collect$$libinit$$0000001B)
    __rt_lib_init_clock_1                    0x08000143   Thumb Code     0  libinit2.o(.ARM.Collect$$libinit$$00000021)
    __rt_lib_init_cpp_1                      0x08000143   Thumb Code     0  libinit2.o(.ARM.Collect$$libinit$$00000032)
    __rt_lib_init_exceptions_1               0x08000143   Thumb Code     0  libinit2.o(.ARM.Collect$$libinit$$00000030)
    __rt_lib_init_fp_1                       0x08000143   Thumb Code     0  libinit2.o(.ARM.Collect$$libinit$$00000002)
    __rt_lib_init_fp_trap_1                  0x08000143   Thumb Code     0  libinit2.o(.ARM.Collect$$libinit$$0000001F)
    __rt_lib_init_getenv_1                   0x08000143   Thumb Code     0  libinit2.o(.ARM.Collect$$libinit$$00000023)
    __rt_lib_init_heap_1                     0x08000143   Thumb Code     0  libinit2.o(.ARM.Collect$$libinit$$0000000A)
    __rt_lib_init_lc_collate_1               0x08000143   Thumb Code     0  libinit2.o(.ARM.Collect$$libinit$$00000011)
    __rt_lib_init_lc_ctype_1                 0x08000143   Thumb Code     0  libinit2.o(.ARM.Collect$$libinit$$00000013)
    __rt_lib_init_lc_monetary_1              0x08000143   Thumb Code     0  libinit2.o(.ARM.Collect$$libinit$$00000015)
    __rt_lib_init_lc_numeric_1               0x08000143   Thumb Code     0  libinit2.o(.ARM.Collect$$libinit$$00000017)
    __rt_lib_init_lc_time_1                  0x08000143   Thumb Code     0  libinit2.o(.ARM.Collect$$libinit$$00000019)
    __rt_lib_init_preinit_1                  0x08000143   Thumb Code     0  libinit2.o(.ARM.Collect$$libinit$$00000004)
    __rt_lib_init_rand_1                     0x08000143   Thumb Code     0  libinit2.o(.ARM.Collect$$libinit$$0000000E)
    __rt_lib_init_return                     0x08000143   Thumb Code     0  libinit2.o(.ARM.Collect$$libinit$$00000033)
    __rt_lib_init_signal_1                   0x08000143   Thumb Code     0  libinit2.o(.ARM.Collect$$libinit$$0000001D)
    __rt_lib_init_stdio_1                    0x08000143   Thumb Code     0  libinit2.o(.ARM.Collect$$libinit$$00000025)
    __rt_lib_init_user_alloc_1               0x08000143   Thumb Code     0  libinit2.o(.ARM.Collect$$libinit$$0000000C)
    __rt_lib_shutdown                        0x08000145   Thumb Code     0  libshutdown.o(.ARM.Collect$$libshutdown$$00000000)
    __rt_lib_shutdown_cpp_1                  0x08000147   Thumb Code     0  libshutdown2.o(.ARM.Collect$$libshutdown$$00000002)
    __rt_lib_shutdown_fp_trap_1              0x08000147   Thumb Code     0  libshutdown2.o(.ARM.Collect$$libshutdown$$00000007)
    __rt_lib_shutdown_heap_1                 0x08000147   Thumb Code     0  libshutdown2.o(.ARM.Collect$$libshutdown$$0000000F)
    __rt_lib_shutdown_return                 0x08000147   Thumb Code     0  libshutdown2.o(.ARM.Collect$$libshutdown$$00000010)
    __rt_lib_shutdown_signal_1               0x08000147   Thumb Code     0  libshutdown2.o(.ARM.Collect$$libshutdown$$0000000A)
    __rt_lib_shutdown_stdio_1                0x08000147   Thumb Code     0  libshutdown2.o(.ARM.Collect$$libshutdown$$00000004)
    __rt_lib_shutdown_user_alloc_1           0x08000147   Thumb Code     0  libshutdown2.o(.ARM.Collect$$libshutdown$$0000000C)
    __rt_entry                               0x08000149   Thumb Code     0  __rtentry.o(.ARM.Collect$$rtentry$$00000000)
    __rt_entry_presh_1                       0x08000149   Thumb Code     0  __rtentry2.o(.ARM.Collect$$rtentry$$00000002)
    __rt_entry_sh                            0x08000149   Thumb Code     0  __rtentry4.o(.ARM.Collect$$rtentry$$00000004)
    __rt_entry_li                            0x0800014f   Thumb Code     0  __rtentry2.o(.ARM.Collect$$rtentry$$0000000A)
    __rt_entry_postsh_1                      0x0800014f   Thumb Code     0  __rtentry2.o(.ARM.Collect$$rtentry$$00000009)
    __rt_entry_main                          0x08000153   Thumb Code     0  __rtentry2.o(.ARM.Collect$$rtentry$$0000000D)
    __rt_entry_postli_1                      0x08000153   Thumb Code     0  __rtentry2.o(.ARM.Collect$$rtentry$$0000000C)
    __rt_exit                                0x0800015b   Thumb Code     0  rtexit.o(.ARM.Collect$$rtexit$$00000000)
    __rt_exit_ls                             0x0800015d   Thumb Code     0  rtexit2.o(.ARM.Collect$$rtexit$$00000003)
    __rt_exit_prels_1                        0x0800015d   Thumb Code     0  rtexit2.o(.ARM.Collect$$rtexit$$00000002)
    __rt_exit_exit                           0x08000161   Thumb Code     0  rtexit2.o(.ARM.Collect$$rtexit$$00000004)
    Reset_Handler                            0x08000169   Thumb Code     8  startup_at32f421.o(.text)
    ADC1_CMP_IRQHandler                      0x08000183   Thumb Code     0  startup_at32f421.o(.text)
    CRM_IRQHandler                           0x08000183   Thumb Code     0  startup_at32f421.o(.text)
    DMA1_Channel1_IRQHandler                 0x08000183   Thumb Code     0  startup_at32f421.o(.text)
    DMA1_Channel3_2_IRQHandler               0x08000183   Thumb Code     0  startup_at32f421.o(.text)
    ERTC_IRQHandler                          0x08000183   Thumb Code     0  startup_at32f421.o(.text)
    EXINT15_4_IRQHandler                     0x08000183   Thumb Code     0  startup_at32f421.o(.text)
    EXINT1_0_IRQHandler                      0x08000183   Thumb Code     0  startup_at32f421.o(.text)
    EXINT3_2_IRQHandler                      0x08000183   Thumb Code     0  startup_at32f421.o(.text)
    FLASH_IRQHandler                         0x08000183   Thumb Code     0  startup_at32f421.o(.text)
    I2C1_ERR_IRQHandler                      0x08000183   Thumb Code     0  startup_at32f421.o(.text)
    I2C1_EVT_IRQHandler                      0x08000183   Thumb Code     0  startup_at32f421.o(.text)
    I2C2_ERR_IRQHandler                      0x08000183   Thumb Code     0  startup_at32f421.o(.text)
    I2C2_EVT_IRQHandler                      0x08000183   Thumb Code     0  startup_at32f421.o(.text)
    PVM_IRQHandler                           0x08000183   Thumb Code     0  startup_at32f421.o(.text)
    SPI1_IRQHandler                          0x08000183   Thumb Code     0  startup_at32f421.o(.text)
    SPI2_IRQHandler                          0x08000183   Thumb Code     0  startup_at32f421.o(.text)
    TMR17_GLOBAL_IRQHandler                  0x08000183   Thumb Code     0  startup_at32f421.o(.text)
    TMR1_BRK_OVF_TRG_HALL_IRQHandler         0x08000183   Thumb Code     0  startup_at32f421.o(.text)
    TMR1_CH_IRQHandler                       0x08000183   Thumb Code     0  startup_at32f421.o(.text)
    USART1_IRQHandler                        0x08000183   Thumb Code     0  startup_at32f421.o(.text)
    USART2_IRQHandler                        0x08000183   Thumb Code     0  startup_at32f421.o(.text)
    WWDT_IRQHandler                          0x08000183   Thumb Code     0  startup_at32f421.o(.text)
    __user_initial_stackheap                 0x08000185   Thumb Code     0  startup_at32f421.o(.text)
    __aeabi_uldivmod                         0x080001a9   Thumb Code     0  lludivv7m.o(.text)
    _ll_udiv                                 0x080001a9   Thumb Code   238  lludivv7m.o(.text)
    __use_two_region_memory                  0x08000297   Thumb Code     2  heapauxi.o(.text)
    __rt_heap_escrow$2region                 0x08000299   Thumb Code     2  heapauxi.o(.text)
    __rt_heap_expand$2region                 0x0800029b   Thumb Code     2  heapauxi.o(.text)
    __read_errno                             0x0800029d   Thumb Code    10  _rserrno.o(.text)
    __set_errno                              0x080002a7   Thumb Code    12  _rserrno.o(.text)
    __aeabi_errno_addr                       0x080002b5   Thumb Code     8  rt_errno_addr_intlibspace.o(.text)
    __errno$intlibspace                      0x080002b5   Thumb Code     0  rt_errno_addr_intlibspace.o(.text)
    __rt_errno_addr$intlibspace              0x080002b5   Thumb Code     0  rt_errno_addr_intlibspace.o(.text)
    __user_libspace                          0x080002bd   Thumb Code     8  libspace.o(.text)
    __user_perproc_libspace                  0x080002bd   Thumb Code     0  libspace.o(.text)
    __user_perthread_libspace                0x080002bd   Thumb Code     0  libspace.o(.text)
    __user_setup_stackheap                   0x080002c5   Thumb Code    74  sys_stackheap_outer.o(.text)
    exit                                     0x0800030f   Thumb Code    18  exit.o(.text)
    _sys_exit                                0x08000321   Thumb Code     8  sys_exit.o(.text)
    __I$use$semihosting                      0x0800032d   Thumb Code     0  use_no_semi.o(.text)
    __use_no_semihosting_swi                 0x0800032d   Thumb Code     2  use_no_semi.o(.text)
    BusFault_Handler                         0x0800032f   Thumb Code     4  at32f421_int.o(i.BusFault_Handler)
    __semihosting_library_function           0x0800032f   Thumb Code     0  indicate_semi.o(.text)
    DMA1_Channel5_4_IRQHandler               0x08000335   Thumb Code   106  at32f421_int.o(i.DMA1_Channel5_4_IRQHandler)
    DebugMon_Handler                         0x080003b9   Thumb Code     2  at32f421_int.o(i.DebugMon_Handler)
    FLASH_ErasePage                          0x080003bd   Thumb Code    48  flashdev.o(i.FLASH_ErasePage)
    FLASH_ReadByte                           0x080003f1   Thumb Code     6  flashdev.o(i.FLASH_ReadByte)
    FLASH_ReadDatas                          0x080003f7   Thumb Code    28  flashdev.o(i.FLASH_ReadDatas)
    FLASH_WriteByte                          0x08000413   Thumb Code    54  flashdev.o(i.FLASH_WriteByte)
    FLASH_WriteDatas                         0x08000449   Thumb Code    42  flashdev.o(i.FLASH_WriteDatas)
    GetDC                                    0x08000475   Thumb Code    46  pwm_in.o(i.GetDC)
    GetDC_PWM                                0x080004b1   Thumb Code    98  pwm_in.o(i.GetDC_PWM)
    HardFault_Handler                        0x08000525   Thumb Code     4  at32f421_int.o(i.HardFault_Handler)
    LED_SET_S                                0x08000529   Thumb Code    64  led_inf.o(i.LED_SET_S)
    MemManage_Handler                        0x0800056d   Thumb Code     4  at32f421_int.o(i.MemManage_Handler)
    Music_End                                0x08000571   Thumb Code   108  music.o(i.Music_End)
    Music_Play                               0x080005f1   Thumb Code    58  music.o(i.Music_Play)
    Music_PlaySheetmusic                     0x0800063d   Thumb Code   108  music.o(i.Music_PlaySheetmusic)
    Music_PlaySheetmusic_C1_C7               0x080006b1   Thumb Code   224  music.o(i.Music_PlaySheetmusic_C1_C7)
    Music_SetFrequency                       0x08000799   Thumb Code   100  music.o(i.Music_SetFrequency)
    Music_SetVolume                          0x08000815   Thumb Code    94  music.o(i.Music_SetVolume)
    Music_Start                              0x08000889   Thumb Code   162  music.o(i.Music_Start)
    NMI_Handler                              0x08000955   Thumb Code     2  at32f421_int.o(i.NMI_Handler)
    PWM_IN_Init                              0x08000999   Thumb Code    28  pwm_in.o(i.PWM_IN_Init)
    PendSV_Handler                           0x080009cd   Thumb Code     2  at32f421_int.o(i.PendSV_Handler)
    SVC_Handler                              0x080009cf   Thumb Code     2  at32f421_int.o(i.SVC_Handler)
    Servo_FLASH_Init                         0x080009d1   Thumb Code    48  servo.o(i.Servo_FLASH_Init)
    Servo_FLASH_UpdataToBuffer               0x08000a0d   Thumb Code    14  servo.o(i.Servo_FLASH_UpdataToBuffer)
    Servo_FLASH_UpdataToFlash                0x08000a25   Thumb Code    14  servo.o(i.Servo_FLASH_UpdataToFlash)
    Servo_Init                               0x08000a3d   Thumb Code   164  servo.o(i.Servo_Init)
    Servo_Stop                               0x08000b1d   Thumb Code   106  servo.o(i.Servo_Stop)
    SysTick_Handler                          0x08000bad   Thumb Code     2  at32f421_int.o(i.SysTick_Handler)
    SystemInit                               0x08000bb1   Thumb Code   226  system_at32f421.o(i.SystemInit)
    TMR14_GLOBAL_IRQHandler                  0x08000cad   Thumb Code  1108  at32f421_int.o(i.TMR14_GLOBAL_IRQHandler)
    TMR15_GLOBAL_IRQHandler                  0x08001101   Thumb Code   112  at32f421_int.o(i.TMR15_GLOBAL_IRQHandler)
    TMR16_GLOBAL_IRQHandler                  0x08001181   Thumb Code    36  at32f421_int.o(i.TMR16_GLOBAL_IRQHandler)
    TMR3_GLOBAL_IRQHandler                   0x080011ad   Thumb Code   268  music.o(i.TMR3_GLOBAL_IRQHandler)
    TMR6_GLOBAL_IRQHandler                   0x080012d1   Thumb Code  1104  at32f421_int.o(i.TMR6_GLOBAL_IRQHandler)
    UsageFault_Handler                       0x0800172d   Thumb Code     4  at32f421_int.o(i.UsageFault_Handler)
    __ARM_fpclassify                         0x08001731   Thumb Code    40  fpclassify.o(i.__ARM_fpclassify)
    __kernel_poly                            0x08001791   Thumb Code   170  poly.o(i.__kernel_poly)
    __mathlib_dbl_divzero                    0x0800183d   Thumb Code    12  dunder.o(i.__mathlib_dbl_divzero)
    __mathlib_dbl_infnan2                    0x0800184d   Thumb Code     4  dunder.o(i.__mathlib_dbl_infnan2)
    __mathlib_dbl_invalid                    0x08001851   Thumb Code    12  dunder.o(i.__mathlib_dbl_invalid)
    __mathlib_dbl_overflow                   0x0800185d   Thumb Code    14  dunder.o(i.__mathlib_dbl_overflow)
    __mathlib_dbl_underflow                  0x0800186d   Thumb Code    10  dunder.o(i.__mathlib_dbl_underflow)
    __pwm_irq_link_force                     0x0800187d   Thumb Code     2  at32f421_int.o(i.__pwm_irq_link_force)
    adc_base_config                          0x0800187f   Thumb Code    44  at32f421_adc.o(i.adc_base_config)
    adc_base_default_para_init               0x080018ab   Thumb Code    14  at32f421_adc.o(i.adc_base_default_para_init)
    adc_calibration_init                     0x080018b9   Thumb Code    12  at32f421_adc.o(i.adc_calibration_init)
    adc_calibration_init_status_get          0x080018c5   Thumb Code    18  at32f421_adc.o(i.adc_calibration_init_status_get)
    adc_calibration_start                    0x080018d7   Thumb Code    12  at32f421_adc.o(i.adc_calibration_start)
    adc_calibration_status_get               0x080018e3   Thumb Code    18  at32f421_adc.o(i.adc_calibration_status_get)
    adc_enable                               0x080018f5   Thumb Code    10  at32f421_adc.o(i.adc_enable)
    adc_ordinary_channel_set                 0x080018ff   Thumb Code   168  at32f421_adc.o(i.adc_ordinary_channel_set)
    adc_ordinary_conversion_trigger_set      0x080019a7   Thumb Code    32  at32f421_adc.o(i.adc_ordinary_conversion_trigger_set)
    adc_ordinary_part_mode_enable            0x080019c7   Thumb Code    10  at32f421_adc.o(i.adc_ordinary_part_mode_enable)
    cmp_default_para_init                    0x080019d1   Thumb Code    18  at32f421_cmp.o(i.cmp_default_para_init)
    cmp_enable                               0x080019e5   Thumb Code    16  at32f421_cmp.o(i.cmp_enable)
    cmp_init                                 0x080019f9   Thumb Code    88  at32f421_cmp.o(i.cmp_init)
    cmp_scal_brg_config                      0x08001a55   Thumb Code    36  at32f421_cmp.o(i.cmp_scal_brg_config)
    crm_adc_clock_div_set                    0x08001a7d   Thumb Code    28  at32f421_crm.o(i.crm_adc_clock_div_set)
    crm_ahb_div_set                          0x08001a9d   Thumb Code    14  at32f421_crm.o(i.crm_ahb_div_set)
    crm_apb1_div_set                         0x08001ab1   Thumb Code    14  at32f421_crm.o(i.crm_apb1_div_set)
    crm_apb2_div_set                         0x08001ac5   Thumb Code    14  at32f421_crm.o(i.crm_apb2_div_set)
    crm_auto_step_mode_enable                0x08001ad9   Thumb Code    34  at32f421_crm.o(i.crm_auto_step_mode_enable)
    crm_clock_source_enable                  0x08001b01   Thumb Code    90  at32f421_crm.o(i.crm_clock_source_enable)
    crm_clocks_freq_get                      0x08001b61   Thumb Code   396  at32f421_crm.o(i.crm_clocks_freq_get)
    crm_flag_get                             0x08001d0d   Thumb Code    42  at32f421_crm.o(i.crm_flag_get)
    crm_periph_clock_enable                  0x08001d3d   Thumb Code    62  at32f421_crm.o(i.crm_periph_clock_enable)
    crm_pll_config                           0x08001d81   Thumb Code   224  at32f421_crm.o(i.crm_pll_config)
    crm_reset                                0x08001e95   Thumb Code    90  at32f421_crm.o(i.crm_reset)
    crm_sysclk_switch                        0x08001ef9   Thumb Code    54  at32f421_crm.o(i.crm_sysclk_switch)
    crm_sysclk_switch_status_get             0x08001f35   Thumb Code    10  at32f421_crm.o(i.crm_sysclk_switch_status_get)
    dma_channel_enable                       0x08001f7d   Thumb Code    10  at32f421_dma.o(i.dma_channel_enable)
    dma_default_para_init                    0x08001f87   Thumb Code    24  at32f421_dma.o(i.dma_default_para_init)
    dma_flag_clear                           0x08001fa1   Thumb Code     6  at32f421_dma.o(i.dma_flag_clear)
    dma_flag_get                             0x08001fad   Thumb Code    24  at32f421_dma.o(i.dma_flag_get)
    dma_init                                 0x08001fc9   Thumb Code    92  at32f421_dma.o(i.dma_init)
    dma_reset                                0x08002025   Thumb Code    50  at32f421_dma.o(i.dma_reset)
    flash_byte_program                       0x0800205d   Thumb Code    50  at32f421_flash.o(i.flash_byte_program)
    flash_flag_get                           0x08002095   Thumb Code    52  at32f421_flash.o(i.flash_flag_get)
    flash_lock                               0x080020cd   Thumb Code    16  at32f421_flash.o(i.flash_lock)
    flash_operation_status_get               0x080020e1   Thumb Code    48  at32f421_flash.o(i.flash_operation_status_get)
    flash_operation_wait_for                 0x08002115   Thumb Code    36  at32f421_flash.o(i.flash_operation_wait_for)
    flash_sector_erase                       0x08002139   Thumb Code    58  at32f421_flash.o(i.flash_sector_erase)
    flash_unlock                             0x08002179   Thumb Code    12  at32f421_flash.o(i.flash_unlock)
    gpio_bits_reset                          0x08002191   Thumb Code     4  at32f421_gpio.o(i.gpio_bits_reset)
    gpio_bits_set                            0x08002195   Thumb Code     4  at32f421_gpio.o(i.gpio_bits_set)
    gpio_default_para_init                   0x08002199   Thumb Code    20  at32f421_gpio.o(i.gpio_default_para_init)
    gpio_init                                0x080021ad   Thumb Code   122  at32f421_gpio.o(i.gpio_init)
    gpio_pin_mux_config                      0x08002227   Thumb Code    66  at32f421_gpio.o(i.gpio_pin_mux_config)
    main                                     0x08002269   Thumb Code   242  main.o(i.main)
    nvic_irq_enable                          0x08002385   Thumb Code   190  at32f421_misc.o(i.nvic_irq_enable)
    nvic_priority_group_config               0x0800244d   Thumb Code    32  at32f421_misc.o(i.nvic_priority_group_config)
    pow                                      0x08002475   Thumb Code  2512  pow.o(i.pow)
    sqrt                                     0x08002e4d   Thumb Code    76  sqrt.o(i.sqrt)
    system_core_clock_update                 0x08002e99   Thumb Code   316  system_at32f421.o(i.system_core_clock_update)
    systick_clock_source_config              0x08002fed   Thumb Code    40  at32f421_misc.o(i.systick_clock_source_config)
    tmr_base_init                            0x08003015   Thumb Code    16  at32f421_tmr.o(i.tmr_base_init)
    tmr_brkdt_config                         0x08003025   Thumb Code    72  at32f421_tmr.o(i.tmr_brkdt_config)
    tmr_channel_value_set                    0x0800306d   Thumb Code    40  at32f421_tmr.o(i.tmr_channel_value_set)
    tmr_clock_source_div_set                 0x08003095   Thumb Code    10  at32f421_tmr.o(i.tmr_clock_source_div_set)
    tmr_cnt_dir_set                          0x0800309f   Thumb Code    10  at32f421_tmr.o(i.tmr_cnt_dir_set)
    tmr_counter_enable                       0x080030a9   Thumb Code    10  at32f421_tmr.o(i.tmr_counter_enable)
    tmr_counter_value_set                    0x080030b3   Thumb Code     4  at32f421_tmr.o(i.tmr_counter_value_set)
    tmr_dma_request_enable                   0x080030b7   Thumb Code    22  at32f421_tmr.o(i.tmr_dma_request_enable)
    tmr_flag_clear                           0x080030cd   Thumb Code     6  at32f421_tmr.o(i.tmr_flag_clear)
    tmr_flag_get                             0x080030d3   Thumb Code    18  at32f421_tmr.o(i.tmr_flag_get)
    tmr_input_channel_init                   0x080030e5   Thumb Code   304  at32f421_tmr.o(i.tmr_input_channel_init)
    tmr_interrupt_enable                     0x08003215   Thumb Code    22  at32f421_tmr.o(i.tmr_interrupt_enable)
    tmr_output_channel_buffer_enable         0x0800322b   Thumb Code    66  at32f421_tmr.o(i.tmr_output_channel_buffer_enable)
    tmr_output_channel_config                0x0800326d   Thumb Code   416  at32f421_tmr.o(i.tmr_output_channel_config)
    tmr_output_channel_immediately_set       0x0800340d   Thumb Code    66  at32f421_tmr.o(i.tmr_output_channel_immediately_set)
    tmr_output_enable                        0x0800344f   Thumb Code    10  at32f421_tmr.o(i.tmr_output_enable)
    tmr_overflow_request_source_set          0x08003459   Thumb Code    10  at32f421_tmr.o(i.tmr_overflow_request_source_set)
    tmr_period_buffer_enable                 0x08003463   Thumb Code    10  at32f421_tmr.o(i.tmr_period_buffer_enable)
    tmr_primary_mode_select                  0x0800346d   Thumb Code    10  at32f421_tmr.o(i.tmr_primary_mode_select)
    tmr_repetition_counter_set               0x08003477   Thumb Code    10  at32f421_tmr.o(i.tmr_repetition_counter_set)
    tmr_sub_mode_select                      0x08003481   Thumb Code    10  at32f421_tmr.o(i.tmr_sub_mode_select)
    tmr_sub_sync_mode_set                    0x0800348b   Thumb Code    10  at32f421_tmr.o(i.tmr_sub_sync_mode_set)
    tmr_trigger_input_select                 0x08003495   Thumb Code    10  at32f421_tmr.o(i.tmr_trigger_input_select)
    usart_enable                             0x0800349f   Thumb Code    10  at32f421_usart.o(i.usart_enable)
    usart_hardware_flow_control_set          0x080034a9   Thumb Code   102  at32f421_usart.o(i.usart_hardware_flow_control_set)
    usart_init                               0x08003511   Thumb Code   102  at32f421_usart.o(i.usart_init)
    usart_parity_selection_config            0x0800357d   Thumb Code    76  at32f421_usart.o(i.usart_parity_selection_config)
    usart_receiver_enable                    0x080035c9   Thumb Code    10  at32f421_usart.o(i.usart_receiver_enable)
    usart_transmitter_enable                 0x080035d3   Thumb Code    10  at32f421_usart.o(i.usart_transmitter_enable)
    wk_adc1_init                             0x080035dd   Thumb Code   144  wk_adc.o(i.wk_adc1_init)
    wk_cmp_init                              0x08003671   Thumb Code   142  wk_cmp.o(i.wk_cmp_init)
    wk_delay_ms                              0x080036ff   Thumb Code    42  wk_system.o(i.wk_delay_ms)
    wk_dma1_channel5_init                    0x08003729   Thumb Code    66  wk_dma.o(i.wk_dma1_channel5_init)
    wk_gpio_config                           0x08003771   Thumb Code   132  wk_gpio.o(i.wk_gpio_config)
    wk_nvic_config                           0x080037f9   Thumb Code   252  at32f421_wk_config.o(i.wk_nvic_config)
    wk_periph_clock_config                   0x080038f5   Thumb Code   128  at32f421_wk_config.o(i.wk_periph_clock_config)
    wk_system_clock_config                   0x08003981   Thumb Code   134  at32f421_wk_config.o(i.wk_system_clock_config)
    wk_timebase_init                         0x08003a11   Thumb Code    60  wk_system.o(i.wk_timebase_init)
    wk_tmr14_init                            0x08003a55   Thumb Code    48  wk_tmr.o(i.wk_tmr14_init)
    wk_tmr15_init                            0x08003a89   Thumb Code   226  wk_tmr.o(i.wk_tmr15_init)
    wk_tmr16_Delay                           0x08003b71   Thumb Code    94  wk_tmr.o(i.wk_tmr16_Delay)
    wk_tmr16_init                            0x08003bd9   Thumb Code    74  wk_tmr.o(i.wk_tmr16_init)
    wk_tmr1_init                             0x08003c29   Thumb Code   526  wk_tmr.o(i.wk_tmr1_init)
    wk_tmr3_init                             0x08003e3d   Thumb Code    64  wk_tmr.o(i.wk_tmr3_init)
    wk_tmr6_init                             0x08003e81   Thumb Code    48  wk_tmr.o(i.wk_tmr6_init)
    wk_usart1_init                           0x08003eb5   Thumb Code   156  wk_usart.o(i.wk_usart1_init)
    __aeabi_d2f                              0x08003f59   Thumb Code     0  d2f.o(x$fpl$d2f)
    _d2f                                     0x08003f59   Thumb Code    98  d2f.o(x$fpl$d2f)
    __aeabi_dadd                             0x08003fbd   Thumb Code     0  daddsub_clz.o(x$fpl$dadd)
    _dadd                                    0x08003fbd   Thumb Code   332  daddsub_clz.o(x$fpl$dadd)
    __fpl_dcheck_NaN1                        0x0800410d   Thumb Code    10  dcheck1.o(x$fpl$dcheck1)
    __fpl_dcmp_Inf                           0x0800411d   Thumb Code    24  dcmpi.o(x$fpl$dcmpinf)
    __aeabi_ddiv                             0x08004135   Thumb Code     0  ddiv.o(x$fpl$ddiv)
    _ddiv                                    0x08004135   Thumb Code   552  ddiv.o(x$fpl$ddiv)
    __aeabi_d2iz                             0x080043e5   Thumb Code     0  dfix.o(x$fpl$dfix)
    _dfix                                    0x080043e5   Thumb Code    94  dfix.o(x$fpl$dfix)
    __aeabi_d2uiz                            0x08004445   Thumb Code     0  dfixu.o(x$fpl$dfixu)
    _dfixu                                   0x08004445   Thumb Code    90  dfixu.o(x$fpl$dfixu)
    __aeabi_i2d                              0x0800449f   Thumb Code     0  dflt_clz.o(x$fpl$dflt)
    _dflt                                    0x0800449f   Thumb Code    46  dflt_clz.o(x$fpl$dflt)
    __aeabi_ui2d                             0x080044cd   Thumb Code     0  dflt_clz.o(x$fpl$dfltu)
    _dfltu                                   0x080044cd   Thumb Code    38  dflt_clz.o(x$fpl$dfltu)
    __aeabi_cdcmple                          0x080044f5   Thumb Code     0  dleqf.o(x$fpl$dleqf)
    _dcmple                                  0x080044f5   Thumb Code   120  dleqf.o(x$fpl$dleqf)
    __fpl_dcmple_InfNaN                      0x08004557   Thumb Code     0  dleqf.o(x$fpl$dleqf)
    __aeabi_dmul                             0x0800456d   Thumb Code     0  dmul.o(x$fpl$dmul)
    _dmul                                    0x0800456d   Thumb Code   332  dmul.o(x$fpl$dmul)
    __fpl_dnaninf                            0x080046c1   Thumb Code   156  dnaninf.o(x$fpl$dnaninf)
    __fpl_dretinf                            0x0800475d   Thumb Code    12  dretinf.o(x$fpl$dretinf)
    __aeabi_cdrcmple                         0x08004769   Thumb Code     0  drleqf.o(x$fpl$drleqf)
    _drcmple                                 0x08004769   Thumb Code   108  drleqf.o(x$fpl$drleqf)
    __aeabi_drsub                            0x080047d5   Thumb Code     0  daddsub_clz.o(x$fpl$drsb)
    _drsb                                    0x080047d5   Thumb Code    22  daddsub_clz.o(x$fpl$drsb)
    _dsqrt                                   0x080047ed   Thumb Code   404  dsqrt_umaal.o(x$fpl$dsqrt)
    __aeabi_dsub                             0x08004985   Thumb Code     0  daddsub_clz.o(x$fpl$dsub)
    _dsub                                    0x08004985   Thumb Code   464  daddsub_clz.o(x$fpl$dsub)
    __aeabi_f2d                              0x08004b59   Thumb Code     0  f2d.o(x$fpl$f2d)
    _f2d                                     0x08004b59   Thumb Code    86  f2d.o(x$fpl$f2d)
    __aeabi_fadd                             0x08004bb1   Thumb Code     0  faddsub_clz.o(x$fpl$fadd)
    _fadd                                    0x08004bb1   Thumb Code   196  faddsub_clz.o(x$fpl$fadd)
    __fpl_fcmp_Inf                           0x08004c75   Thumb Code    24  fcmpi.o(x$fpl$fcmpinf)
    __aeabi_fdiv                             0x08004c8d   Thumb Code     0  fdiv.o(x$fpl$fdiv)
    _fdiv                                    0x08004c8d   Thumb Code   384  fdiv.o(x$fpl$fdiv)
    __aeabi_f2iz                             0x08004e11   Thumb Code     0  ffix.o(x$fpl$ffix)
    _ffix                                    0x08004e11   Thumb Code    54  ffix.o(x$fpl$ffix)
    __aeabi_f2uiz                            0x08004e49   Thumb Code     0  ffixu.o(x$fpl$ffixu)
    _ffixu                                   0x08004e49   Thumb Code    62  ffixu.o(x$fpl$ffixu)
    __aeabi_ui2f                             0x08004e89   Thumb Code     0  fflt_clz.o(x$fpl$ffltu)
    _ffltu                                   0x08004e89   Thumb Code    38  fflt_clz.o(x$fpl$ffltu)
    __aeabi_cfcmple                          0x08004eb1   Thumb Code     0  fleqf.o(x$fpl$fleqf)
    _fcmple                                  0x08004eb1   Thumb Code   104  fleqf.o(x$fpl$fleqf)
    __fpl_fcmple_InfNaN                      0x08004f03   Thumb Code     0  fleqf.o(x$fpl$fleqf)
    __aeabi_fmul                             0x08004f19   Thumb Code     0  fmul.o(x$fpl$fmul)
    _fmul                                    0x08004f19   Thumb Code   258  fmul.o(x$fpl$fmul)
    __fpl_fnaninf                            0x0800501b   Thumb Code   140  fnaninf.o(x$fpl$fnaninf)
    __fpl_fretinf                            0x080050a7   Thumb Code    10  fretinf.o(x$fpl$fretinf)
    __aeabi_cfrcmple                         0x080050b1   Thumb Code     0  frleqf.o(x$fpl$frleqf)
    _frcmple                                 0x080050b1   Thumb Code    98  frleqf.o(x$fpl$frleqf)
    __aeabi_fsub                             0x08005115   Thumb Code     0  faddsub_clz.o(x$fpl$fsub)
    _fsub                                    0x08005115   Thumb Code   234  faddsub_clz.o(x$fpl$fsub)
    __fpl_return_NaN                         0x080051ff   Thumb Code   100  retnan.o(x$fpl$retnan)
    __ARM_scalbn                             0x08005263   Thumb Code    92  scalbn.o(x$fpl$scalbn)
    __fpl_cmpreturn                          0x080052bf   Thumb Code    48  trapv.o(x$fpl$trapveneer)
    Sheetmusic                               0x080052ee   Data         114  main.o(.constdata)
    __I$use$fp                               0x080052ee   Number         0  usenofp.o(x$fpl$usenofp)
    Sheetmusic_text                          0x08005360   Data           8  main.o(.constdata)
    Sheetmusic_Start                         0x08005368   Data           8  main.o(.constdata)
    Tone_c4_b4                               0x08005370   Data          48  music.o(.constdata)
    ChannelBut                               0x080053a0   Data         432  music.o(.constdata)
    __mathlib_zero                           0x08005610   Data           8  qnan.o(.constdata)
    Region$$Table$$Base                      0x08005618   Number         0  anon$$obj.o(Region$$Table)
    Region$$Table$$Limit                     0x08005638   Number         0  anon$$obj.o(Region$$Table)
    ticks_count_us                           0x20000000   Data           4  wk_system.o(.data)
    TMR16_INT_FLAG                           0x20000004   Data           1  wk_tmr.o(.data)
    Music_EN_Flag                            0x20000008   Data           1  music.o(.data)
    Music_Play_Flag                          0x20000009   Data           1  music.o(.data)
    Music_SW_Flag                            0x2000000a   Data           1  music.o(.data)
    DC_COUNT                                 0x2000000c   Data           4  music.o(.data)
    dc_f                                     0x20000010   Data           4  music.o(.data)
    Music_DC_MAX                             0x20000014   Data           4  music.o(.data)
    Music_F                                  0x20000018   Data           4  music.o(.data)
    Music_MOS_DC_SUM                         0x2000001c   Data           4  music.o(.data)
    system_core_clock                        0x20000020   Data           4  system_at32f421.o(.data)
    DshotFlag                                0x20000024   Data           4  pwm_in.o(.data)
    PWM_IN_UPT                               0x20000028   Data           4  pwm_in.o(.data)
    PWM_IN_Cycle                             0x2000002c   Data           4  pwm_in.o(.data)
    PWM_Sate                                 0x20000030   Data           4  pwm_in.o(.data)
    PWM_Data                                 0x20000034   Data           4  pwm_in.o(.data)
    PWM_DSHOT_DC                             0x20000038   Data           4  pwm_in.o(.data)
    INPUT_ADC_VAL                            0x2000003c   Data           4  pwm_in.o(.data)
    Tdata                                    0x20000040   Data           4  pwm_in.o(.data)
    PWM_DSHOT_Command                        0x20000044   Data           4  pwm_in.o(.data)
    g_dshot_dma_ready                        0x20000048   Data           1  pwm_in.o(.data)
    g_dshot_buf_init_ready                   0x20000049   Data           1  pwm_in.o(.data)
    Frame_Buf                                0x2000004c   Data           4  pwm_in.o(.data)
    Dma_Buf                                  0x20000050   Data           4  pwm_in.o(.data)
    Dma_Count                                0x20000054   Data           2  pwm_in.o(.data)
    Turn                                     0x20000058   Data           4  servo.o(.data)
    PWM_MOS_DC_SUM                           0x2000005c   Data           4  servo.o(.data)
    PWM_MOS_DC_T                             0x20000060   Data           4  servo.o(.data)
    Servo_State                              0x20000064   Data           4  servo.o(.data)
    Phase_SW                                 0x20000068   Data           4  servo.o(.data)
    PWM_MOS_DC_FLOAT_EN                      0x2000006c   Data           4  servo.o(.data)
    PWM_MOS_DC_MAX                           0x20000070   Data           4  servo.o(.data)
    PWM_MOS_DC_MIN                           0x20000074   Data           4  servo.o(.data)
    Sart_Us_Sart_us                          0x20000078   Data           4  servo.o(.data)
    Sart_Us_End_us                           0x2000007c   Data           4  servo.o(.data)
    Sart_Us_Differ_us                        0x20000080   Data           4  servo.o(.data)
    SW_TIM_T_                                0x20000084   Data           4  servo.o(.data)
    SW_TIM_                                  0x20000088   Data           4  servo.o(.data)
    SW_CMP_T_                                0x2000008c   Data           4  servo.o(.data)
    SW_CMP_                                  0x20000090   Data           4  servo.o(.data)
    SW_CMP_FLAG                              0x20000094   Data           4  servo.o(.data)
    CMP_OverState                            0x20000098   Data           4  servo.o(.data)
    CMP_TIM_K                                0x2000009c   Data           4  servo.o(.data)
    CMP_DC_K                                 0x200000a0   Data           4  servo.o(.data)
    CMP_M1                                   0x200000a4   Data           4  servo.o(.data)
    CMP_M2                                   0x200000a8   Data           4  servo.o(.data)
    CMP_TIM_C                                0x200000b0   Data           8  servo.o(.data)
    CMP_TIM_Wit                              0x200000b8   Data           4  servo.o(.data)
    DC_D                                     0x200000bc   Data           4  servo.o(.data)
    TEST_C                                   0x200000c0   Data           4  servo.o(.data)
    H_CH_T                                   0x200000c4   Data           4  servo.o(.data)
    gpio_L_pins_T                            0x200000c8   Data           4  servo.o(.data)
    LED_1_S                                  0x200000cc   Data           4  led_inf.o(.data)
    g_dshot_capture_buf                      0x200000d0   Data          64  pwm_in.o(.bss)
    FlashBuffer                              0x20000110   Data          10  servo.o(.bss)
    __libspace_start                         0x2000011c   Data          96  libspace.o(.bss)
    __temporary_stack_top$libspace           0x2000017c   Data           0  libspace.o(.bss)



==============================================================================

Memory Map of the image

  Image Entry point : 0x080000cd

  Load Region LR_IROM1 (Base: 0x08000000, Size: 0x00005708, Max: 0x00010000, ABSOLUTE)

    Execution Region ER_IROM1 (Exec base: 0x08000000, Load base: 0x08000000, Size: 0x00005638, Max: 0x00010000, ABSOLUTE)

    Exec Addr    Load Addr    Size         Type   Attr      Idx    E Section Name        Object

    0x08000000   0x08000000   0x000000cc   Data   RO         2371    RESET               startup_at32f421.o
    0x080000cc   0x080000cc   0x00000008   Code   RO         2870  * !!!main             c_w.l(__main.o)
    0x080000d4   0x080000d4   0x00000034   Code   RO         3168    !!!scatter          c_w.l(__scatter.o)
    0x08000108   0x08000108   0x0000001a   Code   RO         3170    !!handler_copy      c_w.l(__scatter_copy.o)
    0x08000122   0x08000122   0x00000002   PAD
    0x08000124   0x08000124   0x0000001c   Code   RO         3172    !!handler_zi        c_w.l(__scatter_zi.o)
    0x08000140   0x08000140   0x00000002   Code   RO         3037    .ARM.Collect$$libinit$$00000000  c_w.l(libinit.o)
    0x08000142   0x08000142   0x00000000   Code   RO         3049    .ARM.Collect$$libinit$$00000002  c_w.l(libinit2.o)
    0x08000142   0x08000142   0x00000000   Code   RO         3051    .ARM.Collect$$libinit$$00000004  c_w.l(libinit2.o)
    0x08000142   0x08000142   0x00000000   Code   RO         3054    .ARM.Collect$$libinit$$0000000A  c_w.l(libinit2.o)
    0x08000142   0x08000142   0x00000000   Code   RO         3056    .ARM.Collect$$libinit$$0000000C  c_w.l(libinit2.o)
    0x08000142   0x08000142   0x00000000   Code   RO         3058    .ARM.Collect$$libinit$$0000000E  c_w.l(libinit2.o)
    0x08000142   0x08000142   0x00000000   Code   RO         3061    .ARM.Collect$$libinit$$00000011  c_w.l(libinit2.o)
    0x08000142   0x08000142   0x00000000   Code   RO         3063    .ARM.Collect$$libinit$$00000013  c_w.l(libinit2.o)
    0x08000142   0x08000142   0x00000000   Code   RO         3065    .ARM.Collect$$libinit$$00000015  c_w.l(libinit2.o)
    0x08000142   0x08000142   0x00000000   Code   RO         3067    .ARM.Collect$$libinit$$00000017  c_w.l(libinit2.o)
    0x08000142   0x08000142   0x00000000   Code   RO         3069    .ARM.Collect$$libinit$$00000019  c_w.l(libinit2.o)
    0x08000142   0x08000142   0x00000000   Code   RO         3071    .ARM.Collect$$libinit$$0000001B  c_w.l(libinit2.o)
    0x08000142   0x08000142   0x00000000   Code   RO         3073    .ARM.Collect$$libinit$$0000001D  c_w.l(libinit2.o)
    0x08000142   0x08000142   0x00000000   Code   RO         3075    .ARM.Collect$$libinit$$0000001F  c_w.l(libinit2.o)
    0x08000142   0x08000142   0x00000000   Code   RO         3077    .ARM.Collect$$libinit$$00000021  c_w.l(libinit2.o)
    0x08000142   0x08000142   0x00000000   Code   RO         3079    .ARM.Collect$$libinit$$00000023  c_w.l(libinit2.o)
    0x08000142   0x08000142   0x00000000   Code   RO         3081    .ARM.Collect$$libinit$$00000025  c_w.l(libinit2.o)
    0x08000142   0x08000142   0x00000000   Code   RO         3085    .ARM.Collect$$libinit$$0000002C  c_w.l(libinit2.o)
    0x08000142   0x08000142   0x00000000   Code   RO         3087    .ARM.Collect$$libinit$$0000002E  c_w.l(libinit2.o)
    0x08000142   0x08000142   0x00000000   Code   RO         3089    .ARM.Collect$$libinit$$00000030  c_w.l(libinit2.o)
    0x08000142   0x08000142   0x00000000   Code   RO         3091    .ARM.Collect$$libinit$$00000032  c_w.l(libinit2.o)
    0x08000142   0x08000142   0x00000002   Code   RO         3092    .ARM.Collect$$libinit$$00000033  c_w.l(libinit2.o)
    0x08000144   0x08000144   0x00000002   Code   RO         3125    .ARM.Collect$$libshutdown$$00000000  c_w.l(libshutdown.o)
    0x08000146   0x08000146   0x00000000   Code   RO         3151    .ARM.Collect$$libshutdown$$00000002  c_w.l(libshutdown2.o)
    0x08000146   0x08000146   0x00000000   Code   RO         3153    .ARM.Collect$$libshutdown$$00000004  c_w.l(libshutdown2.o)
    0x08000146   0x08000146   0x00000000   Code   RO         3156    .ARM.Collect$$libshutdown$$00000007  c_w.l(libshutdown2.o)
    0x08000146   0x08000146   0x00000000   Code   RO         3159    .ARM.Collect$$libshutdown$$0000000A  c_w.l(libshutdown2.o)
    0x08000146   0x08000146   0x00000000   Code   RO         3161    .ARM.Collect$$libshutdown$$0000000C  c_w.l(libshutdown2.o)
    0x08000146   0x08000146   0x00000000   Code   RO         3164    .ARM.Collect$$libshutdown$$0000000F  c_w.l(libshutdown2.o)
    0x08000146   0x08000146   0x00000002   Code   RO         3165    .ARM.Collect$$libshutdown$$00000010  c_w.l(libshutdown2.o)
    0x08000148   0x08000148   0x00000000   Code   RO         2946    .ARM.Collect$$rtentry$$00000000  c_w.l(__rtentry.o)
    0x08000148   0x08000148   0x00000000   Code   RO         2996    .ARM.Collect$$rtentry$$00000002  c_w.l(__rtentry2.o)
    0x08000148   0x08000148   0x00000006   Code   RO         3008    .ARM.Collect$$rtentry$$00000004  c_w.l(__rtentry4.o)
    0x0800014e   0x0800014e   0x00000000   Code   RO         2998    .ARM.Collect$$rtentry$$00000009  c_w.l(__rtentry2.o)
    0x0800014e   0x0800014e   0x00000004   Code   RO         2999    .ARM.Collect$$rtentry$$0000000A  c_w.l(__rtentry2.o)
    0x08000152   0x08000152   0x00000000   Code   RO         3001    .ARM.Collect$$rtentry$$0000000C  c_w.l(__rtentry2.o)
    0x08000152   0x08000152   0x00000008   Code   RO         3002    .ARM.Collect$$rtentry$$0000000D  c_w.l(__rtentry2.o)
    0x0800015a   0x0800015a   0x00000002   Code   RO         3040    .ARM.Collect$$rtexit$$00000000  c_w.l(rtexit.o)
    0x0800015c   0x0800015c   0x00000000   Code   RO         3098    .ARM.Collect$$rtexit$$00000002  c_w.l(rtexit2.o)
    0x0800015c   0x0800015c   0x00000004   Code   RO         3099    .ARM.Collect$$rtexit$$00000003  c_w.l(rtexit2.o)
    0x08000160   0x08000160   0x00000006   Code   RO         3100    .ARM.Collect$$rtexit$$00000004  c_w.l(rtexit2.o)
    0x08000166   0x08000166   0x00000002   PAD
    0x08000168   0x08000168   0x00000040   Code   RO         2372    .text               startup_at32f421.o
    0x080001a8   0x080001a8   0x000000ee   Code   RO         2866    .text               c_w.l(lludivv7m.o)
    0x08000296   0x08000296   0x00000006   Code   RO         2868    .text               c_w.l(heapauxi.o)
    0x0800029c   0x0800029c   0x00000016   Code   RO         2951    .text               c_w.l(_rserrno.o)
    0x080002b2   0x080002b2   0x00000002   PAD
    0x080002b4   0x080002b4   0x00000008   Code   RO         3015    .text               c_w.l(rt_errno_addr_intlibspace.o)
    0x080002bc   0x080002bc   0x00000008   Code   RO         3021    .text               c_w.l(libspace.o)
    0x080002c4   0x080002c4   0x0000004a   Code   RO         3024    .text               c_w.l(sys_stackheap_outer.o)
    0x0800030e   0x0800030e   0x00000012   Code   RO         3026    .text               c_w.l(exit.o)
    0x08000320   0x08000320   0x0000000c   Code   RO         3095    .text               c_w.l(sys_exit.o)
    0x0800032c   0x0800032c   0x00000002   Code   RO         3114    .text               c_w.l(use_no_semi.o)
    0x0800032e   0x0800032e   0x00000000   Code   RO         3116    .text               c_w.l(indicate_semi.o)
    0x0800032e   0x0800032e   0x00000004   Code   RO         2379    i.BusFault_Handler  Servo_LIB_V1.lib(at32f421_int.o)
    0x08000332   0x08000332   0x00000002   PAD
    0x08000334   0x08000334   0x00000084   Code   RO         2380    i.DMA1_Channel5_4_IRQHandler  Servo_LIB_V1.lib(at32f421_int.o)
    0x080003b8   0x080003b8   0x00000002   Code   RO         2381    i.DebugMon_Handler  Servo_LIB_V1.lib(at32f421_int.o)
    0x080003ba   0x080003ba   0x00000002   PAD
    0x080003bc   0x080003bc   0x00000034   Code   RO         2795    i.FLASH_ErasePage   Servo_LIB_V1.lib(flashdev.o)
    0x080003f0   0x080003f0   0x00000006   Code   RO         2796    i.FLASH_ReadByte    Servo_LIB_V1.lib(flashdev.o)
    0x080003f6   0x080003f6   0x0000001c   Code   RO         2797    i.FLASH_ReadDatas   Servo_LIB_V1.lib(flashdev.o)
    0x08000412   0x08000412   0x00000036   Code   RO         2800    i.FLASH_WriteByte   Servo_LIB_V1.lib(flashdev.o)
    0x08000448   0x08000448   0x0000002a   Code   RO         2801    i.FLASH_WriteDatas  Servo_LIB_V1.lib(flashdev.o)
    0x08000472   0x08000472   0x00000002   PAD
    0x08000474   0x08000474   0x0000003c   Code   RO         2592    i.GetDC             Servo_LIB_V1.lib(pwm_in.o)
    0x080004b0   0x080004b0   0x00000074   Code   RO         2593    i.GetDC_PWM         Servo_LIB_V1.lib(pwm_in.o)
    0x08000524   0x08000524   0x00000004   Code   RO         2382    i.HardFault_Handler  Servo_LIB_V1.lib(at32f421_int.o)
    0x08000528   0x08000528   0x00000044   Code   RO         2763    i.LED_SET_S         Servo_LIB_V1.lib(led_inf.o)
    0x0800056c   0x0800056c   0x00000004   Code   RO         2383    i.MemManage_Handler  Servo_LIB_V1.lib(at32f421_int.o)
    0x08000570   0x08000570   0x00000080   Code   RO          450    i.Music_End         music.o
    0x080005f0   0x080005f0   0x0000004c   Code   RO          452    i.Music_Play        music.o
    0x0800063c   0x0800063c   0x00000074   Code   RO          453    i.Music_PlaySheetmusic  music.o
    0x080006b0   0x080006b0   0x000000e8   Code   RO          454    i.Music_PlaySheetmusic_C1_C7  music.o
    0x08000798   0x08000798   0x0000007c   Code   RO          456    i.Music_SetFrequency  music.o
    0x08000814   0x08000814   0x00000074   Code   RO          457    i.Music_SetVolume   music.o
    0x08000888   0x08000888   0x000000cc   Code   RO          458    i.Music_Start       music.o
    0x08000954   0x08000954   0x00000002   Code   RO         2384    i.NMI_Handler       Servo_LIB_V1.lib(at32f421_int.o)
    0x08000956   0x08000956   0x00000040   Code   RO            4    i.NVIC_EncodePriority  at32f421_wk_config.o
    0x08000996   0x08000996   0x00000002   PAD
    0x08000998   0x08000998   0x00000034   Code   RO         2595    i.PWM_IN_Init       Servo_LIB_V1.lib(pwm_in.o)
    0x080009cc   0x080009cc   0x00000002   Code   RO         2385    i.PendSV_Handler    Servo_LIB_V1.lib(at32f421_int.o)
    0x080009ce   0x080009ce   0x00000002   Code   RO         2386    i.SVC_Handler       Servo_LIB_V1.lib(at32f421_int.o)
    0x080009d0   0x080009d0   0x0000003c   Code   RO         2661    i.Servo_FLASH_Init  Servo_LIB_V1.lib(servo.o)
    0x08000a0c   0x08000a0c   0x00000018   Code   RO         2662    i.Servo_FLASH_UpdataToBuffer  Servo_LIB_V1.lib(servo.o)
    0x08000a24   0x08000a24   0x00000018   Code   RO         2663    i.Servo_FLASH_UpdataToFlash  Servo_LIB_V1.lib(servo.o)
    0x08000a3c   0x08000a3c   0x000000e0   Code   RO         2665    i.Servo_Init        Servo_LIB_V1.lib(servo.o)
    0x08000b1c   0x08000b1c   0x00000090   Code   RO         2668    i.Servo_Stop        Servo_LIB_V1.lib(servo.o)
    0x08000bac   0x08000bac   0x00000002   Code   RO         2387    i.SysTick_Handler   Servo_LIB_V1.lib(at32f421_int.o)
    0x08000bae   0x08000bae   0x00000002   PAD
    0x08000bb0   0x08000bb0   0x000000fc   Code   RO         2335    i.SystemInit        system_at32f421.o
    0x08000cac   0x08000cac   0x00000454   Code   RO         2388    i.TMR14_GLOBAL_IRQHandler  Servo_LIB_V1.lib(at32f421_int.o)
    0x08001100   0x08001100   0x00000080   Code   RO         2389    i.TMR15_GLOBAL_IRQHandler  Servo_LIB_V1.lib(at32f421_int.o)
    0x08001180   0x08001180   0x0000002c   Code   RO         2390    i.TMR16_GLOBAL_IRQHandler  Servo_LIB_V1.lib(at32f421_int.o)
    0x080011ac   0x080011ac   0x00000124   Code   RO          459    i.TMR3_GLOBAL_IRQHandler  music.o
    0x080012d0   0x080012d0   0x0000045c   Code   RO         2391    i.TMR6_GLOBAL_IRQHandler  Servo_LIB_V1.lib(at32f421_int.o)
    0x0800172c   0x0800172c   0x00000004   Code   RO         2392    i.UsageFault_Handler  Servo_LIB_V1.lib(at32f421_int.o)
    0x08001730   0x08001730   0x00000028   Code   RO         2982    i.__ARM_fpclassify  m_ws.l(fpclassify.o)
    0x08001758   0x08001758   0x00000010   Code   RO            5    i.__NVIC_GetPriorityGrouping  at32f421_wk_config.o
    0x08001768   0x08001768   0x00000028   Code   RO            6    i.__NVIC_SetPriority  at32f421_wk_config.o
    0x08001790   0x08001790   0x000000aa   Code   RO         2984    i.__kernel_poly     m_ws.l(poly.o)
    0x0800183a   0x0800183a   0x00000002   PAD
    0x0800183c   0x0800183c   0x00000010   Code   RO         2968    i.__mathlib_dbl_divzero  m_ws.l(dunder.o)
    0x0800184c   0x0800184c   0x00000004   Code   RO         2970    i.__mathlib_dbl_infnan2  m_ws.l(dunder.o)
    0x08001850   0x08001850   0x0000000c   Code   RO         2971    i.__mathlib_dbl_invalid  m_ws.l(dunder.o)
    0x0800185c   0x0800185c   0x0000000e   Code   RO         2972    i.__mathlib_dbl_overflow  m_ws.l(dunder.o)
    0x0800186a   0x0800186a   0x00000002   PAD
    0x0800186c   0x0800186c   0x00000010   Code   RO         2974    i.__mathlib_dbl_underflow  m_ws.l(dunder.o)
    0x0800187c   0x0800187c   0x00000002   Code   RO         2393    i.__pwm_irq_link_force  Servo_LIB_V1.lib(at32f421_int.o)
    0x0800187e   0x0800187e   0x0000002c   Code   RO         1574    i.adc_base_config   at32f421_adc.o
    0x080018aa   0x080018aa   0x0000000e   Code   RO         1575    i.adc_base_default_para_init  at32f421_adc.o
    0x080018b8   0x080018b8   0x0000000c   Code   RO         1576    i.adc_calibration_init  at32f421_adc.o
    0x080018c4   0x080018c4   0x00000012   Code   RO         1577    i.adc_calibration_init_status_get  at32f421_adc.o
    0x080018d6   0x080018d6   0x0000000c   Code   RO         1578    i.adc_calibration_start  at32f421_adc.o
    0x080018e2   0x080018e2   0x00000012   Code   RO         1579    i.adc_calibration_status_get  at32f421_adc.o
    0x080018f4   0x080018f4   0x0000000a   Code   RO         1581    i.adc_enable        at32f421_adc.o
    0x080018fe   0x080018fe   0x000000a8   Code   RO         1586    i.adc_ordinary_channel_set  at32f421_adc.o
    0x080019a6   0x080019a6   0x00000020   Code   RO         1588    i.adc_ordinary_conversion_trigger_set  at32f421_adc.o
    0x080019c6   0x080019c6   0x0000000a   Code   RO         1590    i.adc_ordinary_part_mode_enable  at32f421_adc.o
    0x080019d0   0x080019d0   0x00000012   Code   RO          747    i.cmp_default_para_init  at32f421_cmp.o
    0x080019e2   0x080019e2   0x00000002   PAD
    0x080019e4   0x080019e4   0x00000014   Code   RO          748    i.cmp_enable        at32f421_cmp.o
    0x080019f8   0x080019f8   0x0000005c   Code   RO          750    i.cmp_init          at32f421_cmp.o
    0x08001a54   0x08001a54   0x00000028   Code   RO          754    i.cmp_scal_brg_config  at32f421_cmp.o
    0x08001a7c   0x08001a7c   0x00000020   Code   RO          535    i.crm_adc_clock_div_set  at32f421_crm.o
    0x08001a9c   0x08001a9c   0x00000014   Code   RO          536    i.crm_ahb_div_set   at32f421_crm.o
    0x08001ab0   0x08001ab0   0x00000014   Code   RO          537    i.crm_apb1_div_set  at32f421_crm.o
    0x08001ac4   0x08001ac4   0x00000014   Code   RO          538    i.crm_apb2_div_set  at32f421_crm.o
    0x08001ad8   0x08001ad8   0x00000028   Code   RO          539    i.crm_auto_step_mode_enable  at32f421_crm.o
    0x08001b00   0x08001b00   0x00000060   Code   RO          544    i.crm_clock_source_enable  at32f421_crm.o
    0x08001b60   0x08001b60   0x000001ac   Code   RO          545    i.crm_clocks_freq_get  at32f421_crm.o
    0x08001d0c   0x08001d0c   0x00000030   Code   RO          549    i.crm_flag_get      at32f421_crm.o
    0x08001d3c   0x08001d3c   0x00000044   Code   RO          559    i.crm_periph_clock_enable  at32f421_crm.o
    0x08001d80   0x08001d80   0x00000114   Code   RO          562    i.crm_pll_config    at32f421_crm.o
    0x08001e94   0x08001e94   0x00000064   Code   RO          564    i.crm_reset         at32f421_crm.o
    0x08001ef8   0x08001ef8   0x0000003c   Code   RO          565    i.crm_sysclk_switch  at32f421_crm.o
    0x08001f34   0x08001f34   0x00000010   Code   RO          566    i.crm_sysclk_switch_status_get  at32f421_crm.o
    0x08001f44   0x08001f44   0x00000038   Code   RO          220    i.delay_us          wk_system.o
    0x08001f7c   0x08001f7c   0x0000000a   Code   RO         1790    i.dma_channel_enable  at32f421_dma.o
    0x08001f86   0x08001f86   0x00000018   Code   RO         1793    i.dma_default_para_init  at32f421_dma.o
    0x08001f9e   0x08001f9e   0x00000002   PAD
    0x08001fa0   0x08001fa0   0x0000000c   Code   RO         1794    i.dma_flag_clear    at32f421_dma.o
    0x08001fac   0x08001fac   0x0000001c   Code   RO         1795    i.dma_flag_get      at32f421_dma.o
    0x08001fc8   0x08001fc8   0x0000005c   Code   RO         1796    i.dma_init          at32f421_dma.o
    0x08002024   0x08002024   0x00000038   Code   RO         1799    i.dma_reset         at32f421_dma.o
    0x0800205c   0x0800205c   0x00000038   Code   RO         1899    i.flash_byte_program  at32f421_flash.o
    0x08002094   0x08002094   0x00000038   Code   RO         1911    i.flash_flag_get    at32f421_flash.o
    0x080020cc   0x080020cc   0x00000014   Code   RO         1915    i.flash_lock        at32f421_flash.o
    0x080020e0   0x080020e0   0x00000034   Code   RO         1917    i.flash_operation_status_get  at32f421_flash.o
    0x08002114   0x08002114   0x00000024   Code   RO         1918    i.flash_operation_wait_for  at32f421_flash.o
    0x08002138   0x08002138   0x00000040   Code   RO         1919    i.flash_sector_erase  at32f421_flash.o
    0x08002178   0x08002178   0x00000018   Code   RO         1928    i.flash_unlock      at32f421_flash.o
    0x08002190   0x08002190   0x00000004   Code   RO         1184    i.gpio_bits_reset   at32f421_gpio.o
    0x08002194   0x08002194   0x00000004   Code   RO         1185    i.gpio_bits_set     at32f421_gpio.o
    0x08002198   0x08002198   0x00000014   Code   RO         1187    i.gpio_default_para_init  at32f421_gpio.o
    0x080021ac   0x080021ac   0x0000007a   Code   RO         1188    i.gpio_init         at32f421_gpio.o
    0x08002226   0x08002226   0x00000042   Code   RO         1193    i.gpio_pin_mux_config  at32f421_gpio.o
    0x08002268   0x08002268   0x0000011c   Code   RO          136    i.main              main.o
    0x08002384   0x08002384   0x000000c8   Code   RO         2194    i.nvic_irq_enable   at32f421_misc.o
    0x0800244c   0x0800244c   0x00000028   Code   RO         2196    i.nvic_priority_group_config  at32f421_misc.o
    0x08002474   0x08002474   0x000009d8   Code   RO         2937    i.pow               m_ws.l(pow.o)
    0x08002e4c   0x08002e4c   0x0000004c   Code   RO         2988    i.sqrt              m_ws.l(sqrt.o)
    0x08002e98   0x08002e98   0x00000154   Code   RO         2336    i.system_core_clock_update  system_at32f421.o
    0x08002fec   0x08002fec   0x00000028   Code   RO         2199    i.systick_clock_source_config  at32f421_misc.o
    0x08003014   0x08003014   0x00000010   Code   RO          824    i.tmr_base_init     at32f421_tmr.o
    0x08003024   0x08003024   0x00000048   Code   RO          825    i.tmr_brkdt_config  at32f421_tmr.o
    0x0800306c   0x0800306c   0x00000028   Code   RO          832    i.tmr_channel_value_set  at32f421_tmr.o
    0x08003094   0x08003094   0x0000000a   Code   RO          833    i.tmr_clock_source_div_set  at32f421_tmr.o
    0x0800309e   0x0800309e   0x0000000a   Code   RO          834    i.tmr_cnt_dir_set   at32f421_tmr.o
    0x080030a8   0x080030a8   0x0000000a   Code   RO          835    i.tmr_counter_enable  at32f421_tmr.o
    0x080030b2   0x080030b2   0x00000004   Code   RO          837    i.tmr_counter_value_set  at32f421_tmr.o
    0x080030b6   0x080030b6   0x00000016   Code   RO          841    i.tmr_dma_request_enable  at32f421_tmr.o
    0x080030cc   0x080030cc   0x00000006   Code   RO          847    i.tmr_flag_clear    at32f421_tmr.o
    0x080030d2   0x080030d2   0x00000012   Code   RO          848    i.tmr_flag_get      at32f421_tmr.o
    0x080030e4   0x080030e4   0x00000130   Code   RO          853    i.tmr_input_channel_init  at32f421_tmr.o
    0x08003214   0x08003214   0x00000016   Code   RO          856    i.tmr_interrupt_enable  at32f421_tmr.o
    0x0800322a   0x0800322a   0x00000042   Code   RO          860    i.tmr_output_channel_buffer_enable  at32f421_tmr.o
    0x0800326c   0x0800326c   0x000001a0   Code   RO          861    i.tmr_output_channel_config  at32f421_tmr.o
    0x0800340c   0x0800340c   0x00000042   Code   RO          862    i.tmr_output_channel_immediately_set  at32f421_tmr.o
    0x0800344e   0x0800344e   0x0000000a   Code   RO          868    i.tmr_output_enable  at32f421_tmr.o
    0x08003458   0x08003458   0x0000000a   Code   RO          870    i.tmr_overflow_request_source_set  at32f421_tmr.o
    0x08003462   0x08003462   0x0000000a   Code   RO          871    i.tmr_period_buffer_enable  at32f421_tmr.o
    0x0800346c   0x0800346c   0x0000000a   Code   RO          874    i.tmr_primary_mode_select  at32f421_tmr.o
    0x08003476   0x08003476   0x0000000a   Code   RO          876    i.tmr_repetition_counter_set  at32f421_tmr.o
    0x08003480   0x08003480   0x0000000a   Code   RO          878    i.tmr_sub_mode_select  at32f421_tmr.o
    0x0800348a   0x0800348a   0x0000000a   Code   RO          879    i.tmr_sub_sync_mode_set  at32f421_tmr.o
    0x08003494   0x08003494   0x0000000a   Code   RO          880    i.tmr_trigger_input_select  at32f421_tmr.o
    0x0800349e   0x0800349e   0x0000000a   Code   RO         1294    i.usart_enable      at32f421_usart.o
    0x080034a8   0x080034a8   0x00000066   Code   RO         1297    i.usart_hardware_flow_control_set  at32f421_usart.o
    0x0800350e   0x0800350e   0x00000002   PAD
    0x08003510   0x08003510   0x0000006c   Code   RO         1298    i.usart_init        at32f421_usart.o
    0x0800357c   0x0800357c   0x0000004c   Code   RO         1305    i.usart_parity_selection_config  at32f421_usart.o
    0x080035c8   0x080035c8   0x0000000a   Code   RO         1306    i.usart_receiver_enable  at32f421_usart.o
    0x080035d2   0x080035d2   0x0000000a   Code   RO         1314    i.usart_transmitter_enable  at32f421_usart.o
    0x080035dc   0x080035dc   0x00000094   Code   RO          324    i.wk_adc1_init      wk_adc.o
    0x08003670   0x08003670   0x0000008e   Code   RO          348    i.wk_cmp_init       wk_cmp.o
    0x080036fe   0x080036fe   0x0000002a   Code   RO          221    i.wk_delay_ms       wk_system.o
    0x08003728   0x08003728   0x00000048   Code   RO          420    i.wk_dma1_channel5_init  wk_dma.o
    0x08003770   0x08003770   0x00000088   Code   RO          396    i.wk_gpio_config    wk_gpio.o
    0x080037f8   0x080037f8   0x000000fc   Code   RO            7    i.wk_nvic_config    at32f421_wk_config.o
    0x080038f4   0x080038f4   0x0000008c   Code   RO            8    i.wk_periph_clock_config  at32f421_wk_config.o
    0x08003980   0x08003980   0x00000090   Code   RO            9    i.wk_system_clock_config  at32f421_wk_config.o
    0x08003a10   0x08003a10   0x00000044   Code   RO          222    i.wk_timebase_init  wk_system.o
    0x08003a54   0x08003a54   0x00000034   Code   RO          258    i.wk_tmr14_init     wk_tmr.o
    0x08003a88   0x08003a88   0x000000e8   Code   RO          259    i.wk_tmr15_init     wk_tmr.o
    0x08003b70   0x08003b70   0x00000068   Code   RO          260    i.wk_tmr16_Delay    wk_tmr.o
    0x08003bd8   0x08003bd8   0x00000050   Code   RO          261    i.wk_tmr16_init     wk_tmr.o
    0x08003c28   0x08003c28   0x00000214   Code   RO          262    i.wk_tmr1_init      wk_tmr.o
    0x08003e3c   0x08003e3c   0x00000044   Code   RO          263    i.wk_tmr3_init      wk_tmr.o
    0x08003e80   0x08003e80   0x00000034   Code   RO          264    i.wk_tmr6_init      wk_tmr.o
    0x08003eb4   0x08003eb4   0x000000a4   Code   RO          372    i.wk_usart1_init    wk_usart.o
    0x08003f58   0x08003f58   0x00000062   Code   RO         2872    x$fpl$d2f           fz_ws.l(d2f.o)
    0x08003fba   0x08003fba   0x00000002   PAD
    0x08003fbc   0x08003fbc   0x00000150   Code   RO         2874    x$fpl$dadd          fz_ws.l(daddsub_clz.o)
    0x0800410c   0x0800410c   0x00000010   Code   RO         3017    x$fpl$dcheck1       fz_ws.l(dcheck1.o)
    0x0800411c   0x0800411c   0x00000018   Code   RO         2953    x$fpl$dcmpinf       fz_ws.l(dcmpi.o)
    0x08004134   0x08004134   0x000002b0   Code   RO         2881    x$fpl$ddiv          fz_ws.l(ddiv.o)
    0x080043e4   0x080043e4   0x0000005e   Code   RO         2884    x$fpl$dfix          fz_ws.l(dfix.o)
    0x08004442   0x08004442   0x00000002   PAD
    0x08004444   0x08004444   0x0000005a   Code   RO         2888    x$fpl$dfixu         fz_ws.l(dfixu.o)
    0x0800449e   0x0800449e   0x0000002e   Code   RO         2893    x$fpl$dflt          fz_ws.l(dflt_clz.o)
    0x080044cc   0x080044cc   0x00000026   Code   RO         2892    x$fpl$dfltu         fz_ws.l(dflt_clz.o)
    0x080044f2   0x080044f2   0x00000002   PAD
    0x080044f4   0x080044f4   0x00000078   Code   RO         2898    x$fpl$dleqf         fz_ws.l(dleqf.o)
    0x0800456c   0x0800456c   0x00000154   Code   RO         2900    x$fpl$dmul          fz_ws.l(dmul.o)
    0x080046c0   0x080046c0   0x0000009c   Code   RO         2955    x$fpl$dnaninf       fz_ws.l(dnaninf.o)
    0x0800475c   0x0800475c   0x0000000c   Code   RO         2957    x$fpl$dretinf       fz_ws.l(dretinf.o)
    0x08004768   0x08004768   0x0000006c   Code   RO         2902    x$fpl$drleqf        fz_ws.l(drleqf.o)
    0x080047d4   0x080047d4   0x00000016   Code   RO         2875    x$fpl$drsb          fz_ws.l(daddsub_clz.o)
    0x080047ea   0x080047ea   0x00000002   PAD
    0x080047ec   0x080047ec   0x00000198   Code   RO         3019    x$fpl$dsqrt         fz_ws.l(dsqrt_umaal.o)
    0x08004984   0x08004984   0x000001d4   Code   RO         2876    x$fpl$dsub          fz_ws.l(daddsub_clz.o)
    0x08004b58   0x08004b58   0x00000056   Code   RO         2904    x$fpl$f2d           fz_ws.l(f2d.o)
    0x08004bae   0x08004bae   0x00000002   PAD
    0x08004bb0   0x08004bb0   0x000000c4   Code   RO         2906    x$fpl$fadd          fz_ws.l(faddsub_clz.o)
    0x08004c74   0x08004c74   0x00000018   Code   RO         2959    x$fpl$fcmpinf       fz_ws.l(fcmpi.o)
    0x08004c8c   0x08004c8c   0x00000184   Code   RO         2913    x$fpl$fdiv          fz_ws.l(fdiv.o)
    0x08004e10   0x08004e10   0x00000036   Code   RO         2916    x$fpl$ffix          fz_ws.l(ffix.o)
    0x08004e46   0x08004e46   0x00000002   PAD
    0x08004e48   0x08004e48   0x0000003e   Code   RO         2920    x$fpl$ffixu         fz_ws.l(ffixu.o)
    0x08004e86   0x08004e86   0x00000002   PAD
    0x08004e88   0x08004e88   0x00000026   Code   RO         2924    x$fpl$ffltu         fz_ws.l(fflt_clz.o)
    0x08004eae   0x08004eae   0x00000002   PAD
    0x08004eb0   0x08004eb0   0x00000068   Code   RO         2930    x$fpl$fleqf         fz_ws.l(fleqf.o)
    0x08004f18   0x08004f18   0x00000102   Code   RO         2932    x$fpl$fmul          fz_ws.l(fmul.o)
    0x0800501a   0x0800501a   0x0000008c   Code   RO         2961    x$fpl$fnaninf       fz_ws.l(fnaninf.o)
    0x080050a6   0x080050a6   0x0000000a   Code   RO         2963    x$fpl$fretinf       fz_ws.l(fretinf.o)
    0x080050b0   0x080050b0   0x00000062   Code   RO         2934    x$fpl$frleqf        fz_ws.l(frleqf.o)
    0x08005112   0x08005112   0x00000002   PAD
    0x08005114   0x08005114   0x000000ea   Code   RO         2908    x$fpl$fsub          fz_ws.l(faddsub_clz.o)
    0x080051fe   0x080051fe   0x00000064   Code   RO         3038    x$fpl$retnan        fz_ws.l(retnan.o)
    0x08005262   0x08005262   0x0000005c   Code   RO         2965    x$fpl$scalbn        fz_ws.l(scalbn.o)
    0x080052be   0x080052be   0x00000030   Code   RO         3093    x$fpl$trapveneer    fz_ws.l(trapv.o)
    0x080052ee   0x080052ee   0x00000000   Code   RO         2967    x$fpl$usenofp       fz_ws.l(usenofp.o)
    0x080052ee   0x080052ee   0x00000082   Data   RO          137    .constdata          main.o
    0x08005370   0x08005370   0x000001e0   Data   RO          460    .constdata          music.o
    0x08005550   0x08005550   0x00000028   Data   RO          567    .constdata          at32f421_crm.o
    0x08005578   0x08005578   0x00000010   Data   RO         2337    .constdata          system_at32f421.o
    0x08005588   0x08005588   0x00000088   Data   RO         2938    .constdata          m_ws.l(pow.o)
    0x08005610   0x08005610   0x00000008   Data   RO         2986    .constdata          m_ws.l(qnan.o)
    0x08005618   0x08005618   0x00000020   Data   RO         3166    Region$$Table       anon$$obj.o


    Execution Region RW_IRAM1 (Exec base: 0x20000000, Load base: 0x08005638, Size: 0x00000780, Max: 0x00004000, ABSOLUTE)

    Exec Addr    Load Addr    Size         Type   Attr      Idx    E Section Name        Object

    0x20000000   0x08005638   0x00000004   Data   RW          223    .data               wk_system.o
    0x20000004   0x0800563c   0x00000001   Data   RW          265    .data               wk_tmr.o
    0x20000005   0x0800563d   0x00000003   PAD
    0x20000008   0x08005640   0x00000018   Data   RW          461    .data               music.o
    0x20000020   0x08005658   0x00000004   Data   RW         2338    .data               system_at32f421.o
    0x20000024   0x0800565c   0x00000032   Data   RW         2600    .data               Servo_LIB_V1.lib(pwm_in.o)
    0x20000056   0x0800568e   0x00000002   PAD
    0x20000058   0x08005690   0x00000074   Data   RW         2673    .data               Servo_LIB_V1.lib(servo.o)
    0x200000cc   0x08005704   0x00000004   Data   RW         2764    .data               Servo_LIB_V1.lib(led_inf.o)
    0x200000d0        -       0x00000040   Zero   RW         2599    .bss                Servo_LIB_V1.lib(pwm_in.o)
    0x20000110        -       0x0000000a   Zero   RW         2672    .bss                Servo_LIB_V1.lib(servo.o)
    0x2000011a   0x08005708   0x00000002   PAD
    0x2000011c        -       0x00000060   Zero   RW         3022    .bss                c_w.l(libspace.o)
    0x2000017c   0x08005708   0x00000004   PAD
    0x20000180        -       0x00000200   Zero   RW         2370    HEAP                startup_at32f421.o
    0x20000380        -       0x00000400   Zero   RW         2369    STACK               startup_at32f421.o


==============================================================================

Image component sizes


      Code (inc. data)   RO Data    RW Data    ZI Data      Debug   Object Name

       338          0          0          0          0       6463   at32f421_adc.o
       170         12          0          0          0       2842   at32f421_cmp.o
      1224        158         40          0          0       8481   at32f421_crm.o
       222         16          0          0          0       3772   at32f421_dma.o
       308         36          0          0          0       4199   at32f421_flash.o
       216          0          0          0          0       3493   at32f421_gpio.o
       280         18          0          0          0      32612   at32f421_misc.o
      1162          0          0          0          0      14779   at32f421_tmr.o
       316          6          0          0          0       4237   at32f421_usart.o
       656         36          0          0          0      88266   at32f421_wk_config.o
       284         42        130          0          0       1697   main.o
      1288        172        480         24          0       5963   music.o
        64         26        204          0       1536        784   startup_at32f421.o
       592         50         16          4          0       2372   system_at32f421.o
       148          4          0          0          0        591   wk_adc.o
       142          0          0          0          0        590   wk_cmp.o
        72          6          0          0          0        564   wk_dma.o
       136          4          0          0          0        557   wk_gpio.o
       166         12          0          4          0       2330   wk_system.o
      1120         40          0          1          0       4247   wk_tmr.o
       164          8          0          0          0        569   wk_usart.o

    ----------------------------------------------------------------------
      9076        646        902         36       1536     189408   Object Totals
         0          0         32          0          0          0   (incl. Generated)
         8          0          0          3          0          0   (incl. Padding)

    ----------------------------------------------------------------------

      Code (inc. data)   RO Data    RW Data    ZI Data      Debug   Library Member Name

      2556        214          0          0          0      12986   at32f421_int.o
       182          4          0          0          0       3262   flashdev.o
        68          4          0          4          0        818   led_inf.o
       228         56          0         50         64       2668   pwm_in.o
       476        130          0        116         10       4379   servo.o
         8          0          0          0          0         68   __main.o
         0          0          0          0          0          0   __rtentry.o
        12          0          0          0          0          0   __rtentry2.o
         6          0          0          0          0          0   __rtentry4.o
        52          8          0          0          0          0   __scatter.o
        26          0          0          0          0          0   __scatter_copy.o
        28          0          0          0          0          0   __scatter_zi.o
        22          0          0          0          0        100   _rserrno.o
        18          0          0          0          0         80   exit.o
         6          0          0          0          0        152   heapauxi.o
         0          0          0          0          0          0   indicate_semi.o
         2          0          0          0          0          0   libinit.o
         2          0          0          0          0          0   libinit2.o
         2          0          0          0          0          0   libshutdown.o
         2          0          0          0          0          0   libshutdown2.o
         8          4          0          0         96         68   libspace.o
       238          0          0          0          0        100   lludivv7m.o
         8          4          0          0          0         68   rt_errno_addr_intlibspace.o
         2          0          0          0          0          0   rtexit.o
        10          0          0          0          0          0   rtexit2.o
        12          4          0          0          0         68   sys_exit.o
        74          0          0          0          0         80   sys_stackheap_outer.o
         2          0          0          0          0         68   use_no_semi.o
        98          4          0          0          0         92   d2f.o
       826         16          0          0          0        348   daddsub_clz.o
        16          4          0          0          0         68   dcheck1.o
        24          0          0          0          0         68   dcmpi.o
       688        140          0          0          0        208   ddiv.o
        94          4          0          0          0         92   dfix.o
        90          4          0          0          0         92   dfixu.o
        84          0          0          0          0        136   dflt_clz.o
       120          4          0          0          0         92   dleqf.o
       340         12          0          0          0        104   dmul.o
       156          4          0          0          0         92   dnaninf.o
        12          0          0          0          0         68   dretinf.o
       108          0          0          0          0         80   drleqf.o
       408         56          0          0          0        120   dsqrt_umaal.o
        86          4          0          0          0         84   f2d.o
       430          8          0          0          0        168   faddsub_clz.o
        24          0          0          0          0         68   fcmpi.o
       388         76          0          0          0         96   fdiv.o
        54          4          0          0          0         84   ffix.o
        62          4          0          0          0         84   ffixu.o
        38          0          0          0          0         68   fflt_clz.o
       104          4          0          0          0         84   fleqf.o
       258          4          0          0          0         84   fmul.o
       140          4          0          0          0         84   fnaninf.o
        10          0          0          0          0         68   fretinf.o
        98          0          0          0          0         68   frleqf.o
       100          0          0          0          0         68   retnan.o
        92          0          0          0          0         68   scalbn.o
        48          0          0          0          0         68   trapv.o
         0          0          0          0          0          0   usenofp.o
        62         10          0          0          0        340   dunder.o
        40          0          0          0          0         68   fpclassify.o
       170          0          0          0          0         96   poly.o
      2520        190        136          0          0        324   pow.o
         0          0          8          0          0          0   qnan.o
        76          0          0          0          0         84   sqrt.o

    ----------------------------------------------------------------------
     11950        984        144        172        176      28781   Library Totals
        36          0          0          2          6          0   (incl. Padding)

    ----------------------------------------------------------------------

      Code (inc. data)   RO Data    RW Data    ZI Data      Debug   Library Name

      3510        408          0        170         74      24113   Servo_LIB_V1.lib
       540         20          0          0         96        852   c_w.l
      4996        356          0          0          0       2904   fz_ws.l
      2868        200        144          0          0        912   m_ws.l

    ----------------------------------------------------------------------
     11950        984        144        172        176      28781   Library Totals

    ----------------------------------------------------------------------

==============================================================================


      Code (inc. data)   RO Data    RW Data    ZI Data      Debug   

     21026       1630       1046        208       1712     208773   Grand Totals
     21026       1630       1046        208       1712     208773   ELF Image Totals
     21026       1630       1046        208          0          0   ROM Totals

==============================================================================

    Total RO  Size (Code + RO Data)                22072 (  21.55kB)
    Total RW  Size (RW Data + ZI Data)              1920 (   1.88kB)
    Total ROM Size (Code + RO Data + RW Data)      22280 (  21.76kB)

==============================================================================

